
================================================================================
CELSIUS AI - REAL-TIME SYSTEM DEFENDER
================================================================================

Starting comprehensive system protection...

2025-10-27 15:39:23,859 - __main__ - INFO - Defender database initialized
2025-10-27 15:39:23,859 - __main__ - INFO - [DEFENDER] Celsius Real-Time Defender initialized
2025-10-27 15:39:23,859 - __main__ - INFO - [MONITOR] Monitoring: C:\Users\micro\Downloads
2025-10-27 15:39:23,859 - __main__ - INFO - [MONITOR] Monitoring: C:\Users\micro\Documents
2025-10-27 15:39:23,864 - __main__ - INFO - [MONITOR] File system monitoring started
2025-10-27 15:39:23,864 - __main__ - INFO - [DEFENDER] Celsius Real-Time Defender is now protecting your system
2025-10-27 15:39:23,864 - __main__ - INFO - [DEFENDER] Statistics available in system tray

================================================================================
CELSIUS AI - REAL-TIME SYSTEM DEFENDER
================================================================================

Starting comprehensive system protection...

2025-10-27 15:41:33,996 - __main__ - INFO - Defender database initialized
2025-10-27 15:41:33,996 - __main__ - INFO - [DEFENDER] Celsius Real-Time Defender initialized
2025-10-27 15:41:33,996 - __main__ - INFO - [MONITOR] Monitoring: C:\Users\micro\Downloads
2025-10-27 15:41:33,996 - __main__ - INFO - [MONITOR] Monitoring: C:\Users\micro\Documents
2025-10-27 15:41:33,996 - __main__ - INFO - [MONITOR] File system monitoring started
2025-10-27 15:41:33,996 - __main__ - INFO - [DEFENDER] Celsius Real-Time Defender is now protecting your system
2025-10-27 15:41:33,996 - __main__ - INFO - [DEFENDER] Statistics available in system tray

[DEFENDER] Defender stopped by user
2025-10-27 15:42:28,103 - asyncio - ERROR - Task exception was never retrieved
future: <Task finished name='Task-3' coro=<CelsiusRealtimeDefender.monitor_processes() done, defined at C:\Users\micro\Celsius AI\src\protection\celsius_realtime_defender.py:402> exception=KeyboardInterrupt()>
Traceback (most recent call last):
  File "C:\Users\micro\Celsius AI\src\protection\celsius_realtime_defender.py", line 569, in main
    loop.run_until_complete(defender.run())
  File "C:\Program Files\WindowsApps\PythonSoftwareFoundation.Python.3.11_3.11.2544.0_x64__qbz5n2kfra8p0\Lib\asyncio\base_events.py", line 641, in run_until_complete
    self.run_forever()
  File "C:\Program Files\WindowsApps\PythonSoftwareFoundation.Python.3.11_3.11.2544.0_x64__qbz5n2kfra8p0\Lib\asyncio\windows_events.py", line 321, in run_forever
    super().run_forever()
  File "C:\Program Files\WindowsApps\PythonSoftwareFoundation.Python.3.11_3.11.2544.0_x64__qbz5n2kfra8p0\Lib\asyncio\base_events.py", line 608, in run_forever
    self._run_once()
  File "C:\Program Files\WindowsApps\PythonSoftwareFoundation.Python.3.11_3.11.2544.0_x64__qbz5n2kfra8p0\Lib\asyncio\base_events.py", line 1936, in _run_once
    handle._run()
  File "C:\Program Files\WindowsApps\PythonSoftwareFoundation.Python.3.11_3.11.2544.0_x64__qbz5n2kfra8p0\Lib\asyncio\events.py", line 84, in _run
    self._context.run(self._callback, *self._args)
  File "C:\Users\micro\Celsius AI\src\protection\celsius_realtime_defender.py", line 408, in monitor_processes
    is_suspicious, reason, threat_score = self.threat_engine.is_suspicious_process(proc)
                                          ^^^^^^^^^^^^^^^^^^^^^^^^^^^^^^^^^^^^^^^^^^^^^^
  File "C:\Users\micro\Celsius AI\src\protection\celsius_realtime_defender.py", line 169, in is_suspicious_process
    cpu_percent = proc.cpu_percent(interval=0.1)
                  ^^^^^^^^^^^^^^^^^^^^^^^^^^^^^^
  File "C:\Users\micro\Celsius AI\.venv\Lib\site-packages\psutil\__init__.py", line 1073, in cpu_percent
    time.sleep(interval)
KeyboardInterrupt
2025-10-27 15:42:28,103 - __main__ - INFO - [DEFENDER] Celsius Defender stopped

================================================================================
CELSIUS AI - REAL-TIME SYSTEM DEFENDER
================================================================================

Starting comprehensive system protection...

2025-10-27 15:42:29,771 - __main__ - INFO - Defender database initialized
2025-10-27 15:42:29,771 - __main__ - INFO - [DEFENDER] Celsius Real-Time Defender initialized
2025-10-27 15:42:29,780 - __main__ - INFO - [MONITOR] Monitoring: C:\Users\micro\Downloads
2025-10-27 15:42:29,780 - __main__ - INFO - [MONITOR] Monitoring: C:\Users\micro\Documents
2025-10-27 15:42:29,780 - __main__ - INFO - [MONITOR] File system monitoring started
2025-10-27 15:42:29,780 - __main__ - INFO - [DEFENDER] Celsius Real-Time Defender is now protecting your system
2025-10-27 15:42:29,780 - __main__ - INFO - [DEFENDER] Statistics available in system tray

[DEFENDER] Defender stopped by user
2025-10-27 15:43:13,718 - asyncio - ERROR - Task was destroyed but it is pending!
task: <Task pending name='Task-3' coro=<CelsiusRealtimeDefender.monitor_processes() running at C:\Users\micro\Celsius AI\src\protection\celsius_realtime_defender.py:436> wait_for=<Future pending cb=[Task.task_wakeup()]>>
Exception ignored in: <coroutine object CelsiusRealtimeDefender.run at 0x00000214591D2E30>
Traceback (most recent call last):
  File "C:\Users\micro\Celsius AI\src\protection\celsius_realtime_defender.py", line 538, in run
    process_monitor_task.cancel()
  File "C:\Program Files\WindowsApps\PythonSoftwareFoundation.Python.3.11_3.11.2544.0_x64__qbz5n2kfra8p0\Lib\asyncio\base_events.py", line 762, in call_soon
    self._check_closed()
  File "C:\Program Files\WindowsApps\PythonSoftwareFoundation.Python.3.11_3.11.2544.0_x64__qbz5n2kfra8p0\Lib\asyncio\base_events.py", line 520, in _check_closed
    raise RuntimeError('Event loop is closed')
RuntimeError: Event loop is closed

================================================================================
CELSIUS AI - REAL-TIME SYSTEM DEFENDER
================================================================================

Starting comprehensive system protection...

2025-10-27 15:43:20,256 - __main__ - INFO - Defender database initialized
2025-10-27 15:43:20,256 - __main__ - INFO - [DEFENDER] Celsius Real-Time Defender initialized
2025-10-27 15:43:20,256 - __main__ - INFO - [MONITOR] Monitoring: C:\Users\micro\Downloads
2025-10-27 15:43:20,256 - __main__ - INFO - [MONITOR] Monitoring: C:\Users\micro\Documents
2025-10-27 15:43:20,256 - __main__ - INFO - [MONITOR] File system monitoring started
2025-10-27 15:43:20,256 - __main__ - INFO - [DEFENDER] Celsius Real-Time Defender is now protecting your system
2025-10-27 15:43:20,256 - __main__ - INFO - [DEFENDER] Statistics available in system tray

[DEFENDER] Defender stopped by user
2025-10-27 15:43:52,759 - asyncio - ERROR - Task exception was never retrieved
future: <Task finished name='Task-3' coro=<CelsiusRealtimeDefender.monitor_processes() done, defined at C:\Users\micro\Celsius AI\src\protection\celsius_realtime_defender.py:402> exception=KeyboardInterrupt()>
Traceback (most recent call last):
  File "C:\Users\micro\Celsius AI\src\protection\celsius_realtime_defender.py", line 569, in main
    loop.run_until_complete(defender.run())
  File "C:\Program Files\WindowsApps\PythonSoftwareFoundation.Python.3.11_3.11.2544.0_x64__qbz5n2kfra8p0\Lib\asyncio\base_events.py", line 641, in run_until_complete
    self.run_forever()
  File "C:\Program Files\WindowsApps\PythonSoftwareFoundation.Python.3.11_3.11.2544.0_x64__qbz5n2kfra8p0\Lib\asyncio\windows_events.py", line 321, in run_forever
    super().run_forever()
  File "C:\Program Files\WindowsApps\PythonSoftwareFoundation.Python.3.11_3.11.2544.0_x64__qbz5n2kfra8p0\Lib\asyncio\base_events.py", line 608, in run_forever
    self._run_once()
  File "C:\Program Files\WindowsApps\PythonSoftwareFoundation.Python.3.11_3.11.2544.0_x64__qbz5n2kfra8p0\Lib\asyncio\base_events.py", line 1936, in _run_once
    handle._run()
  File "C:\Program Files\WindowsApps\PythonSoftwareFoundation.Python.3.11_3.11.2544.0_x64__qbz5n2kfra8p0\Lib\asyncio\events.py", line 84, in _run
    self._context.run(self._callback, *self._args)
  File "C:\Users\micro\Celsius AI\src\protection\celsius_realtime_defender.py", line 408, in monitor_processes
    is_suspicious, reason, threat_score = self.threat_engine.is_suspicious_process(proc)
                                          ^^^^^^^^^^^^^^^^^^^^^^^^^^^^^^^^^^^^^^^^^^^^^^
  File "C:\Users\micro\Celsius AI\src\protection\celsius_realtime_defender.py", line 169, in is_suspicious_process
    cpu_percent = proc.cpu_percent(interval=0.1)
                  ^^^^^^^^^^^^^^^^^^^^^^^^^^^^^^
  File "C:\Users\micro\Celsius AI\.venv\Lib\site-packages\psutil\__init__.py", line 1073, in cpu_percent
    time.sleep(interval)
KeyboardInterrupt
2025-10-27 15:43:52,761 - __main__ - INFO - [DEFENDER] Celsius Defender stopped

================================================================================
CELSIUS AI - REAL-TIME SYSTEM DEFENDER
================================================================================

Starting comprehensive system protection...

2025-10-27 15:45:03,662 - __main__ - INFO - Defender database initialized
2025-10-27 15:45:03,662 - __main__ - INFO - [DEFENDER] Celsius Real-Time Defender initialized
2025-10-27 15:45:03,662 - __main__ - INFO - [MONITOR] Monitoring: C:\Users\micro\Downloads
2025-10-27 15:45:03,662 - __main__ - INFO - [MONITOR] Monitoring: C:\Users\micro\Documents
2025-10-27 15:45:03,662 - __main__ - INFO - [MONITOR] File system monitoring started
2025-10-27 15:45:03,662 - __main__ - INFO - [DEFENDER] Celsius Real-Time Defender is now protecting your system
2025-10-27 15:45:03,662 - __main__ - INFO - [DEFENDER] Statistics available in system tray

[DEFENDER] Defender stopped by user
2025-10-27 15:45:54,164 - asyncio - ERROR - Task was destroyed but it is pending!
task: <Task pending name='Task-3' coro=<CelsiusRealtimeDefender.monitor_processes() running at C:\Users\micro\Celsius AI\src\protection\celsius_realtime_defender.py:436> wait_for=<Future pending cb=[Task.task_wakeup()]>>
Exception ignored in: <coroutine object CelsiusRealtimeDefender.run at 0x0000022437232E30>
Traceback (most recent call last):
  File "C:\Users\micro\Celsius AI\src\protection\celsius_realtime_defender.py", line 538, in run
    process_monitor_task.cancel()
  File "C:\Program Files\WindowsApps\PythonSoftwareFoundation.Python.3.11_3.11.2544.0_x64__qbz5n2kfra8p0\Lib\asyncio\base_events.py", line 762, in call_soon
    self._check_closed()
  File "C:\Program Files\WindowsApps\PythonSoftwareFoundation.Python.3.11_3.11.2544.0_x64__qbz5n2kfra8p0\Lib\asyncio\base_events.py", line 520, in _check_closed
    raise RuntimeError('Event loop is closed')
RuntimeError: Event loop is closed

================================================================================
CELSIUS AI - REAL-TIME SYSTEM DEFENDER
================================================================================

Starting comprehensive system protection...

2025-10-27 15:53:02,513 - __main__ - INFO - Defender database initialized
2025-10-27 15:53:02,513 - __main__ - INFO - [DEFENDER] Celsius Real-Time Defender initialized
2025-10-27 15:53:02,518 - __main__ - INFO - [MONITOR] Monitoring: C:\Users\micro\Downloads
2025-10-27 15:53:02,518 - __main__ - INFO - [MONITOR] Monitoring: C:\Users\micro\Documents
2025-10-27 15:53:02,518 - __main__ - INFO - [MONITOR] File system monitoring started
2025-10-27 15:53:02,518 - __main__ - INFO - [DEFENDER] Celsius Real-Time Defender is now protecting your system
2025-10-27 15:53:02,518 - __main__ - INFO - [DEFENDER] Statistics available in system tray

================================================================================
CELSIUS AI - REAL-TIME SYSTEM DEFENDER
================================================================================

Starting comprehensive system protection...

2025-10-27 17:58:15,585 - __main__ - INFO - Defender database initialized
2025-10-27 17:58:15,585 - __main__ - INFO - [DEFENDER] Celsius Real-Time Defender initialized
2025-10-27 17:58:15,585 - __main__ - INFO - [MONITOR] Monitoring: C:\Users\micro\Downloads
2025-10-27 17:58:15,585 - __main__ - INFO - [MONITOR] Monitoring: C:\Users\micro\Documents
2025-10-27 17:58:15,585 - __main__ - INFO - [MONITOR] File system monitoring started
2025-10-27 17:58:15,585 - __main__ - INFO - [DEFENDER] Celsius Real-Time Defender is now protecting your system
2025-10-27 17:58:15,585 - __main__ - INFO - [DEFENDER] Statistics available in system tray

[DEFENDER] Defender stopped by user

================================================================================
CELSIUS AI - REAL-TIME SYSTEM DEFENDER
================================================================================

Starting comprehensive system protection...

2025-10-27 18:00:54,098 - __main__ - INFO - Defender database initialized
2025-10-27 18:00:54,098 - __main__ - INFO - [DEFENDER] Celsius Real-Time Defender initialized
2025-10-27 18:00:54,098 - __main__ - INFO - [MONITOR] Monitoring: C:\Users\micro\Downloads
2025-10-27 18:00:54,098 - __main__ - INFO - [MONITOR] Monitoring: C:\Users\micro\Documents
2025-10-27 18:00:54,098 - __main__ - INFO - [MONITOR] File system monitoring started
2025-10-27 18:00:54,098 - __main__ - INFO - [DEFENDER] Celsius Real-Time Defender is now protecting your system
2025-10-27 18:00:54,098 - __main__ - INFO - [DEFENDER] Statistics available in system tray

================================================================================
CELSIUS AI - REAL-TIME SYSTEM DEFENDER
================================================================================

Starting comprehensive system protection...

2025-10-27 18:05:00,400 - __main__ - INFO - Defender database initialized
2025-10-27 18:05:00,400 - __main__ - INFO - [DEFENDER] Celsius Real-Time Defender initialized
2025-10-27 18:05:00,401 - __main__ - INFO - [MONITOR] Monitoring: C:\Users\micro\Downloads
2025-10-27 18:05:00,402 - __main__ - INFO - [MONITOR] Monitoring: C:\Users\micro\Documents
2025-10-27 18:05:00,402 - __main__ - INFO - [MONITOR] File system monitoring started
2025-10-27 18:05:00,402 - __main__ - INFO - [DEFENDER] Celsius Real-Time Defender is now protecting your system
2025-10-27 18:05:00,402 - __main__ - INFO - [DEFENDER] Statistics available in system tray

[DEFENDER] Defender stopped by user

================================================================================
CELSIUS AI - REAL-TIME SYSTEM DEFENDER
================================================================================

Starting comprehensive system protection...

2025-10-27 18:16:21,527 - __main__ - INFO - Defender database initialized
2025-10-27 18:16:21,527 - __main__ - INFO - [DEFENDER] Celsius Real-Time Defender initialized
2025-10-27 18:16:21,527 - __main__ - INFO - [MONITOR] Monitoring: C:\Users\micro\Downloads
2025-10-27 18:16:21,527 - __main__ - INFO - [MONITOR] Monitoring: C:\Users\micro\Documents
2025-10-27 18:16:21,527 - __main__ - INFO - [MONITOR] File system monitoring started
2025-10-27 18:16:21,527 - __main__ - INFO - [DEFENDER] Celsius Real-Time Defender is now protecting your system
2025-10-27 18:16:21,527 - __main__ - INFO - [DEFENDER] Statistics available in system tray
2025-10-27 19:57:02,744 - __main__ - ERROR - Error analyzing process: process no longer exists (pid=28900, name='svchost.exe')
2025-10-27 20:02:30,225 - __main__ - ERROR - Error calculating hash for C:\Users\micro\Downloads\Lnyc9S3q.json: [Errno 2] No such file or directory: 'C:\\Users\\micro\\Downloads\\Lnyc9S3q.json'
2025-10-27 20:02:30,225 - __main__ - ERROR - Error calculating hash for C:\Users\micro\Downloads\Lnyc9S3q.json.part: [Errno 2] No such file or directory: 'C:\\Users\\micro\\Downloads\\Lnyc9S3q.json.part'
2025-10-27 21:18:24,677 - __main__ - ERROR - Error analyzing process: process no longer exists (pid=4072, name='svchost.exe')

================================================================================
CELSIUS AI - REAL-TIME SYSTEM DEFENDER
================================================================================

Starting comprehensive system protection...

2025-10-27 22:05:07,544 - __main__ - INFO - Defender database initialized
2025-10-27 22:05:07,544 - __main__ - INFO - [DEFENDER] Celsius Real-Time Defender initialized
2025-10-27 22:05:07,544 - __main__ - INFO - [MONITOR] Monitoring: C:\Users\micro\Downloads
2025-10-27 22:05:07,544 - __main__ - INFO - [MONITOR] Monitoring: C:\Users\micro\Documents
2025-10-27 22:05:07,544 - __main__ - INFO - [MONITOR] File system monitoring started
2025-10-27 22:05:07,544 - __main__ - INFO - [DEFENDER] Celsius Real-Time Defender is now protecting your system
2025-10-27 22:05:07,544 - __main__ - INFO - [DEFENDER] Statistics available in system tray

================================================================================
CELSIUS AI - REAL-TIME SYSTEM DEFENDER
================================================================================

Starting comprehensive system protection...

2025-10-27 22:21:22,089 - __main__ - INFO - Defender database initialized
2025-10-27 22:21:22,089 - __main__ - INFO - [DEFENDER] Celsius Real-Time Defender initialized
2025-10-27 22:21:22,089 - __main__ - INFO - [MONITOR] Monitoring: C:\Users\micro\Downloads
2025-10-27 22:21:22,089 - __main__ - INFO - [MONITOR] Monitoring: C:\Users\micro\Documents
2025-10-27 22:21:22,089 - __main__ - INFO - [MONITOR] File system monitoring started
2025-10-27 22:21:22,089 - __main__ - INFO - [DEFENDER] Celsius Real-Time Defender is now protecting your system
2025-10-27 22:21:22,089 - __main__ - INFO - [DEFENDER] Statistics available in system tray

================================================================================
CELSIUS AI - REAL-TIME SYSTEM DEFENDER
================================================================================

Starting comprehensive system protection...

2025-10-28 04:09:52,883 - __main__ - INFO - Defender database initialized
2025-10-28 04:09:52,883 - __main__ - INFO - [DEFENDER] Celsius Real-Time Defender initialized
2025-10-28 04:09:52,883 - __main__ - INFO - [MONITOR] Monitoring: C:\Users\micro\Downloads
2025-10-28 04:09:52,883 - __main__ - INFO - [MONITOR] Monitoring: C:\Users\micro\Documents
2025-10-28 04:09:52,883 - __main__ - INFO - [MONITOR] File system monitoring started
2025-10-28 04:09:52,883 - __main__ - INFO - [DEFENDER] Celsius Real-Time Defender is now protecting your system
2025-10-28 04:09:52,883 - __main__ - INFO - [DEFENDER] Statistics available in system tray

================================================================================
CELSIUS AI - REAL-TIME SYSTEM DEFENDER
================================================================================

Starting comprehensive system protection...

2025-10-28 04:23:16,514 - __main__ - INFO - Defender database initialized
2025-10-28 04:23:16,514 - __main__ - INFO - [DEFENDER] Celsius Real-Time Defender initialized
2025-10-28 04:23:16,530 - __main__ - INFO - [MONITOR] Monitoring: C:\Users\micro\Downloads
2025-10-28 04:23:16,530 - __main__ - INFO - [MONITOR] Monitoring: C:\Users\micro\Documents
2025-10-28 04:23:16,530 - __main__ - INFO - [MONITOR] File system monitoring started
2025-10-28 04:23:16,530 - __main__ - INFO - [DEFENDER] Celsius Real-Time Defender is now protecting your system
2025-10-28 04:23:16,530 - __main__ - INFO - [DEFENDER] Statistics available in system tray

================================================================================
CELSIUS AI - REAL-TIME SYSTEM DEFENDER
================================================================================

Starting comprehensive system protection...

2025-10-28 19:42:05,995 - __main__ - INFO - Defender database initialized
2025-10-28 19:42:05,995 - __main__ - INFO - [DEFENDER] Celsius Real-Time Defender initialized
2025-10-28 19:42:05,995 - __main__ - INFO - [MONITOR] Monitoring: C:\Users\micro\Downloads
2025-10-28 19:42:05,995 - __main__ - INFO - [MONITOR] Monitoring: C:\Users\micro\Documents
2025-10-28 19:42:05,995 - __main__ - INFO - [MONITOR] File system monitoring started
2025-10-28 19:42:05,995 - __main__ - INFO - [DEFENDER] Celsius Real-Time Defender is now protecting your system
2025-10-28 19:42:05,995 - __main__ - INFO - [DEFENDER] Statistics available in system tray

================================================================================
CELSIUS AI - REAL-TIME SYSTEM DEFENDER
================================================================================

Starting comprehensive system protection...

2025-10-28 19:46:54,861 - __main__ - INFO - Defender database initialized
2025-10-28 19:46:54,861 - __main__ - INFO - [DEFENDER] Celsius Real-Time Defender initialized
2025-10-28 19:46:54,861 - __main__ - INFO - [MONITOR] Monitoring: C:\Users\micro\Downloads
2025-10-28 19:46:54,861 - __main__ - INFO - [MONITOR] Monitoring: C:\Users\micro\Documents
2025-10-28 19:46:54,861 - __main__ - INFO - [MONITOR] File system monitoring started
2025-10-28 19:46:54,861 - __main__ - INFO - [DEFENDER] Celsius Real-Time Defender is now protecting your system
2025-10-28 19:46:54,861 - __main__ - INFO - [DEFENDER] Statistics available in system tray

================================================================================
CELSIUS AI - REAL-TIME SYSTEM DEFENDER
================================================================================

Starting comprehensive system protection...

2025-10-28 19:50:52,996 - __main__ - INFO - Defender database initialized
2025-10-28 19:50:52,996 - __main__ - INFO - [DEFENDER] Celsius Real-Time Defender initialized
2025-10-28 19:50:52,996 - __main__ - INFO - [MONITOR] Monitoring: C:\Users\micro\Downloads
2025-10-28 19:50:52,996 - __main__ - INFO - [MONITOR] Monitoring: C:\Users\micro\Documents
2025-10-28 19:50:52,996 - __main__ - INFO - [MONITOR] File system monitoring started
2025-10-28 19:50:52,996 - __main__ - INFO - [DEFENDER] Celsius Real-Time Defender is now protecting your system
2025-10-28 19:50:52,996 - __main__ - INFO - [DEFENDER] Statistics available in system tray

================================================================================
CELSIUS AI - REAL-TIME SYSTEM DEFENDER
================================================================================

Starting comprehensive system protection...

2025-10-28 19:54:15,231 - __main__ - INFO - Defender database initialized
2025-10-28 19:54:15,231 - __main__ - INFO - [DEFENDER] Celsius Real-Time Defender initialized
2025-10-28 19:54:15,231 - __main__ - INFO - [MONITOR] Monitoring: C:\Users\micro\Downloads
2025-10-28 19:54:15,231 - __main__ - INFO - [MONITOR] Monitoring: C:\Users\micro\Documents
2025-10-28 19:54:15,231 - __main__ - INFO - [MONITOR] File system monitoring started
2025-10-28 19:54:15,231 - __main__ - INFO - [DEFENDER] Celsius Real-Time Defender is now protecting your system
2025-10-28 19:54:15,231 - __main__ - INFO - [DEFENDER] Statistics available in system tray

================================================================================
CELSIUS AI - REAL-TIME SYSTEM DEFENDER
================================================================================

Starting comprehensive system protection...

2025-10-28 20:01:52,673 - __main__ - INFO - Defender database initialized
2025-10-28 20:01:52,673 - __main__ - INFO - [DEFENDER] Celsius Real-Time Defender initialized
2025-10-28 20:01:52,673 - __main__ - INFO - [MONITOR] Monitoring: C:\Users\micro\Downloads
2025-10-28 20:01:52,673 - __main__ - INFO - [MONITOR] Monitoring: C:\Users\micro\Documents
2025-10-28 20:01:52,673 - __main__ - INFO - [MONITOR] File system monitoring started
2025-10-28 20:01:52,673 - __main__ - INFO - [DEFENDER] Celsius Real-Time Defender is now protecting your system
2025-10-28 20:01:52,673 - __main__ - INFO - [DEFENDER] Statistics available in system tray

================================================================================
CELSIUS AI - REAL-TIME SYSTEM DEFENDER
================================================================================

Starting comprehensive system protection...

2025-10-28 20:12:57,660 - __main__ - INFO - Defender database initialized
2025-10-28 20:12:57,660 - __main__ - INFO - [DEFENDER] Celsius Real-Time Defender initialized
2025-10-28 20:12:57,660 - __main__ - INFO - [MONITOR] Monitoring: C:\Users\micro\Downloads
2025-10-28 20:12:57,666 - __main__ - INFO - [MONITOR] Monitoring: C:\Users\micro\Documents
2025-10-28 20:12:57,666 - __main__ - INFO - [MONITOR] File system monitoring started
2025-10-28 20:12:57,666 - __main__ - INFO - [DEFENDER] Celsius Real-Time Defender is now protecting your system
2025-10-28 20:12:57,666 - __main__ - INFO - [DEFENDER] Statistics available in system tray

================================================================================
CELSIUS AI - REAL-TIME SYSTEM DEFENDER
================================================================================

Starting comprehensive system protection...

2025-10-28 20:44:37,356 - __main__ - INFO - Defender database initialized
2025-10-28 20:44:37,356 - __main__ - INFO - [DEFENDER] Celsius Real-Time Defender initialized
2025-10-28 20:44:37,356 - __main__ - INFO - [MONITOR] Monitoring: C:\Users\micro\Downloads
2025-10-28 20:44:37,356 - __main__ - INFO - [MONITOR] Monitoring: C:\Users\micro\Documents
2025-10-28 20:44:37,356 - __main__ - INFO - [MONITOR] File system monitoring started
2025-10-28 20:44:37,356 - __main__ - INFO - [DEFENDER] Celsius Real-Time Defender is now protecting your system
2025-10-28 20:44:37,356 - __main__ - INFO - [DEFENDER] Statistics available in system tray

================================================================================
CELSIUS AI - REAL-TIME SYSTEM DEFENDER
================================================================================

Starting comprehensive system protection...

2025-10-28 20:49:06,003 - __main__ - INFO - Defender database initialized
2025-10-28 20:49:06,003 - __main__ - INFO - [DEFENDER] Celsius Real-Time Defender initialized
2025-10-28 20:49:06,003 - __main__ - INFO - [MONITOR] Monitoring: C:\Users\micro\Downloads
2025-10-28 20:49:06,003 - __main__ - INFO - [MONITOR] Monitoring: C:\Users\micro\Documents
2025-10-28 20:49:06,003 - __main__ - INFO - [MONITOR] File system monitoring started
2025-10-28 20:49:06,003 - __main__ - INFO - [DEFENDER] Celsius Real-Time Defender is now protecting your system
2025-10-28 20:49:06,003 - __main__ - INFO - [DEFENDER] Statistics available in system tray

================================================================================
CELSIUS AI - REAL-TIME SYSTEM DEFENDER
================================================================================

Starting comprehensive system protection...

2025-10-28 20:54:32,240 - __main__ - INFO - Defender database initialized
2025-10-28 20:54:32,240 - __main__ - INFO - [DEFENDER] Celsius Real-Time Defender initialized
2025-10-28 20:54:32,256 - __main__ - INFO - [MONITOR] Monitoring: C:\Users\micro\Downloads
2025-10-28 20:54:32,256 - __main__ - INFO - [MONITOR] Monitoring: C:\Users\micro\Documents
2025-10-28 20:54:32,256 - __main__ - INFO - [MONITOR] File system monitoring started
2025-10-28 20:54:32,256 - __main__ - INFO - [DEFENDER] Celsius Real-Time Defender is now protecting your system
2025-10-28 20:54:32,256 - __main__ - INFO - [DEFENDER] Statistics available in system tray

================================================================================
CELSIUS AI - REAL-TIME SYSTEM DEFENDER
================================================================================

Starting comprehensive system protection...

2025-10-28 21:12:38,385 - __main__ - INFO - Defender database initialized
2025-10-28 21:12:38,385 - __main__ - INFO - [DEFENDER] Celsius Real-Time Defender initialized
2025-10-28 21:12:38,385 - __main__ - INFO - [MONITOR] Monitoring: C:\Users\micro\Downloads
2025-10-28 21:12:38,385 - __main__ - INFO - [MONITOR] Monitoring: C:\Users\micro\Documents
2025-10-28 21:12:38,385 - __main__ - INFO - [MONITOR] File system monitoring started
2025-10-28 21:12:38,385 - __main__ - INFO - [DEFENDER] Celsius Real-Time Defender is now protecting your system
2025-10-28 21:12:38,385 - __main__ - INFO - [DEFENDER] Statistics available in system tray
2025-10-28 21:15:54,684 - __main__ - ERROR - Error calculating hash for C:\Users\micro\Downloads\celsius_authorization_form_20251028.txt: [Errno 2] No such file or directory: 'C:\\Users\\micro\\Downloads\\celsius_authorization_form_20251028.txt'

================================================================================
CELSIUS AI - REAL-TIME SYSTEM DEFENDER
================================================================================

Starting comprehensive system protection...

2025-10-28 21:18:47,966 - __main__ - INFO - Defender database initialized
2025-10-28 21:18:47,966 - __main__ - INFO - [DEFENDER] Celsius Real-Time Defender initialized
2025-10-28 21:18:47,966 - __main__ - INFO - [MONITOR] Monitoring: C:\Users\micro\Downloads
2025-10-28 21:18:47,966 - __main__ - INFO - [MONITOR] Monitoring: C:\Users\micro\Documents
2025-10-28 21:18:47,966 - __main__ - INFO - [MONITOR] File system monitoring started
2025-10-28 21:18:47,966 - __main__ - INFO - [DEFENDER] Celsius Real-Time Defender is now protecting your system
2025-10-28 21:18:47,966 - __main__ - INFO - [DEFENDER] Statistics available in system tray

================================================================================
CELSIUS AI - REAL-TIME SYSTEM DEFENDER
================================================================================

Starting comprehensive system protection...

2025-10-28 21:22:36,311 - __main__ - INFO - Defender database initialized
2025-10-28 21:22:36,311 - __main__ - INFO - [DEFENDER] Celsius Real-Time Defender initialized
2025-10-28 21:22:36,311 - __main__ - INFO - [MONITOR] Monitoring: C:\Users\micro\Downloads
2025-10-28 21:22:36,311 - __main__ - INFO - [MONITOR] Monitoring: C:\Users\micro\Documents
2025-10-28 21:22:36,311 - __main__ - INFO - [MONITOR] File system monitoring started
2025-10-28 21:22:36,311 - __main__ - INFO - [DEFENDER] Celsius Real-Time Defender is now protecting your system
2025-10-28 21:22:36,311 - __main__ - INFO - [DEFENDER] Statistics available in system tray

================================================================================
CELSIUS AI - REAL-TIME SYSTEM DEFENDER
================================================================================

Starting comprehensive system protection...

2025-10-28 21:27:39,982 - __main__ - INFO - Defender database initialized
2025-10-28 21:27:39,982 - __main__ - INFO - [DEFENDER] Celsius Real-Time Defender initialized
2025-10-28 21:27:39,982 - __main__ - INFO - [MONITOR] Monitoring: C:\Users\micro\Downloads
2025-10-28 21:27:39,982 - __main__ - INFO - [MONITOR] Monitoring: C:\Users\micro\Documents
2025-10-28 21:27:39,982 - __main__ - INFO - [MONITOR] File system monitoring started
2025-10-28 21:27:39,982 - __main__ - INFO - [DEFENDER] Celsius Real-Time Defender is now protecting your system
2025-10-28 21:27:39,982 - __main__ - INFO - [DEFENDER] Statistics available in system tray

================================================================================
CELSIUS AI - REAL-TIME SYSTEM DEFENDER
================================================================================

Starting comprehensive system protection...

2025-10-28 21:29:48,276 - __main__ - INFO - Defender database initialized
2025-10-28 21:29:48,276 - __main__ - INFO - [DEFENDER] Celsius Real-Time Defender initialized
2025-10-28 21:29:48,276 - __main__ - INFO - [MONITOR] Monitoring: C:\Users\micro\Downloads
2025-10-28 21:29:48,276 - __main__ - INFO - [MONITOR] Monitoring: C:\Users\micro\Documents
2025-10-28 21:29:48,276 - __main__ - INFO - [MONITOR] File system monitoring started
2025-10-28 21:29:48,276 - __main__ - INFO - [DEFENDER] Celsius Real-Time Defender is now protecting your system
2025-10-28 21:29:48,276 - __main__ - INFO - [DEFENDER] Statistics available in system tray
2025-10-28 21:52:08,789 - __main__ - ERROR - Error analyzing process: process no longer exists (pid=33740, name='svchost.exe')
