2025-10-25 03:01:49,425 - CelsiusAI - INFO - Initializing core components...
2025-10-25 03:01:49,425 - CelsiusAI - INFO -   Loading authentication...
2025-10-25 03:01:49,425 - CelsiusAI - INFO -     Authentication system: READY
2025-10-25 03:01:49,425 - CelsiusAI - INFO -   Loading hardware controller...
2025-10-25 03:01:49,425 - CelsiusAI - ERROR -     Hardware controller: ERROR - no running event loop
Traceback (most recent call last):
  File "C:\Users\micro\Celsius AI\src\core\main.py", line 95, in initialize_core_components
    asyncio.create_task(self.hardware_controller.initialize())
  File "C:\Program Files\WindowsApps\PythonSoftwareFoundation.Python.3.11_3.11.2544.0_x64__qbz5n2kfra8p0\Lib\asyncio\tasks.py", line 381, in create_task
    loop = events.get_running_loop()
           ^^^^^^^^^^^^^^^^^^^^^^^^^
RuntimeError: no running event loop
2025-10-25 03:01:49,431 - CelsiusAI - INFO - Initializing web learning capabilities...
2025-10-25 03:01:49,432 - CelsiusAI - INFO -     Web learning integration: READY
2025-10-25 03:01:49,432 - CelsiusAI - INFO -     Learning active: False
2025-10-25 03:01:49,432 - CelsiusAI - INFO -     Content learned: 0 articles
2025-10-25 03:01:49,432 - CelsiusAI - INFO -     Insights generated: 0 insights
2025-10-25 03:01:49,432 - CelsiusAI - INFO - Starting Ultimate Server Hub...
2025-10-25 03:01:49,433 - CelsiusAI - INFO -     Ultimate Hub: STARTED (running in background)
2025-10-25 03:30:51,093 - CelsiusAI - INFO - Initializing core components...
2025-10-25 03:30:51,093 - CelsiusAI - INFO -   Loading authentication...
2025-10-25 03:30:51,093 - CelsiusAI - INFO -     Authentication system: READY
2025-10-25 03:30:51,093 - CelsiusAI - INFO -   Loading hardware controller...
2025-10-25 03:30:51,093 - CelsiusAI - ERROR -     Hardware controller: ERROR - no running event loop
Traceback (most recent call last):
  File "C:\Users\micro\Celsius AI\src\core\main.py", line 95, in initialize_core_components
    asyncio.create_task(self.hardware_controller.initialize())
  File "C:\Program Files\WindowsApps\PythonSoftwareFoundation.Python.3.11_3.11.2544.0_x64__qbz5n2kfra8p0\Lib\asyncio\tasks.py", line 381, in create_task
    loop = events.get_running_loop()
           ^^^^^^^^^^^^^^^^^^^^^^^^^
RuntimeError: no running event loop
2025-10-25 03:30:51,093 - CelsiusAI - INFO - Initializing web learning capabilities...
2025-10-25 03:30:51,113 - CelsiusAI - INFO - Starting Ultimate Server Hub...
2025-10-25 03:30:51,113 - CelsiusAI - INFO -     Ultimate Hub: STARTED (running in background)
2025-10-25 03:33:01,229 - CelsiusAI - INFO - Initializing core components...
2025-10-25 03:33:01,229 - CelsiusAI - INFO -   Loading authentication...
2025-10-25 03:33:01,229 - CelsiusAI - INFO -     Authentication system: READY
2025-10-25 03:33:01,229 - CelsiusAI - INFO -   Loading hardware controller...
2025-10-25 03:33:01,229 - CelsiusAI - ERROR -     Hardware controller: ERROR - no running event loop
Traceback (most recent call last):
  File "C:\Users\micro\Celsius AI\src\core\main.py", line 95, in initialize_core_components
    asyncio.create_task(self.hardware_controller.initialize())
  File "C:\Program Files\WindowsApps\PythonSoftwareFoundation.Python.3.11_3.11.2544.0_x64__qbz5n2kfra8p0\Lib\asyncio\tasks.py", line 381, in create_task
    loop = events.get_running_loop()
           ^^^^^^^^^^^^^^^^^^^^^^^^^
RuntimeError: no running event loop
2025-10-25 03:33:01,230 - CelsiusAI - INFO - Initializing web learning capabilities...
2025-10-25 03:33:01,232 - CelsiusAI - INFO - Starting Ultimate Server Hub...
2025-10-25 03:33:01,233 - CelsiusAI - INFO -     Ultimate Hub: STARTED (running in background)
2025-10-25 12:23:33,842 - CelsiusAI - INFO - Initializing core components...
2025-10-25 12:23:33,843 - CelsiusAI - INFO -   Loading authentication...
2025-10-25 12:23:33,845 - CelsiusAI - INFO -   Loading hardware controller...
2025-10-25 12:23:33,845 - CelsiusAI - ERROR -     Hardware controller: ERROR - no running event loop
Traceback (most recent call last):
  File "C:\Users\micro\Celsius AI\src\core\main.py", line 95, in initialize_core_components
    asyncio.create_task(self.hardware_controller.initialize())
  File "C:\Program Files\WindowsApps\PythonSoftwareFoundation.Python.3.11_3.11.2544.0_x64__qbz5n2kfra8p0\Lib\asyncio\tasks.py", line 381, in create_task
    loop = events.get_running_loop()
           ^^^^^^^^^^^^^^^^^^^^^^^^^
RuntimeError: no running event loop
2025-10-25 12:23:33,846 - CelsiusAI - INFO - Initializing web learning capabilities...
2025-10-25 12:23:33,848 - CelsiusAI - INFO - Starting Ultimate Server Hub...
2025-10-25 12:23:33,848 - CelsiusAI - INFO -     Ultimate Hub: STARTED (running in background)
2025-10-26 22:18:48,260 - CelsiusAI - INFO - Initializing core components...
2025-10-26 22:18:48,261 - CelsiusAI - INFO -   Loading authentication...
2025-10-26 22:18:48,261 - CelsiusAI - INFO -     Authentication system: READY
2025-10-26 22:18:48,261 - CelsiusAI - INFO -   Loading hardware controller...
2025-10-26 22:18:48,261 - CelsiusAI - ERROR -     Hardware controller: ERROR - no running event loop
Traceback (most recent call last):
  File "C:\Users\micro\Celsius AI\src\core\main.py", line 95, in initialize_core_components
    asyncio.create_task(self.hardware_controller.initialize())
  File "C:\Program Files\WindowsApps\PythonSoftwareFoundation.Python.3.11_3.11.2544.0_x64__qbz5n2kfra8p0\Lib\asyncio\tasks.py", line 381, in create_task
    loop = events.get_running_loop()
           ^^^^^^^^^^^^^^^^^^^^^^^^^
RuntimeError: no running event loop
2025-10-26 22:18:48,263 - CelsiusAI - INFO - Initializing web learning capabilities...
2025-10-26 22:18:48,265 - CelsiusAI - INFO - Starting Ultimate Server Hub...
2025-10-26 22:18:48,265 - CelsiusAI - INFO -     Ultimate Hub: STARTED (running in background)
2025-10-27 14:16:13,051 - CelsiusAI - INFO - Initializing core components...
2025-10-27 14:16:13,051 - CelsiusAI - INFO -   Loading authentication...
2025-10-27 14:16:13,051 - CelsiusAI - INFO -     Authentication system: READY
2025-10-27 14:16:13,051 - CelsiusAI - INFO -   Loading hardware controller...
2025-10-27 14:16:13,051 - CelsiusAI - ERROR -     Hardware controller: ERROR - no running event loop
Traceback (most recent call last):
  File "C:\Users\micro\Celsius AI\src\core\main.py", line 95, in initialize_core_components
    asyncio.create_task(self.hardware_controller.initialize())
  File "C:\Program Files\WindowsApps\PythonSoftwareFoundation.Python.3.11_3.11.2544.0_x64__qbz5n2kfra8p0\Lib\asyncio\tasks.py", line 381, in create_task
    loop = events.get_running_loop()
           ^^^^^^^^^^^^^^^^^^^^^^^^^
RuntimeError: no running event loop
2025-10-27 14:16:13,051 - CelsiusAI - INFO - Initializing web learning capabilities...
2025-10-27 14:16:13,051 - CelsiusAI - INFO - Starting Ultimate Server Hub...
2025-10-27 14:16:13,051 - CelsiusAI - INFO -     Ultimate Hub: STARTED (running in background)
2025-10-27 14:25:13,003 - CelsiusAI - INFO - Initializing core components...
2025-10-27 14:25:13,003 - CelsiusAI - INFO -   Loading authentication...
2025-10-27 14:25:13,003 - CelsiusAI - INFO -     Authentication system: READY
2025-10-27 14:25:13,003 - CelsiusAI - INFO -   Loading hardware controller...
2025-10-27 14:25:13,003 - CelsiusAI - ERROR -     Hardware controller: ERROR - no running event loop
Traceback (most recent call last):
  File "C:\Users\micro\Celsius AI\src\core\main.py", line 95, in initialize_core_components
    asyncio.create_task(self.hardware_controller.initialize())
  File "C:\Program Files\WindowsApps\PythonSoftwareFoundation.Python.3.11_3.11.2544.0_x64__qbz5n2kfra8p0\Lib\asyncio\tasks.py", line 381, in create_task
    loop = events.get_running_loop()
           ^^^^^^^^^^^^^^^^^^^^^^^^^
RuntimeError: no running event loop
2025-10-27 14:25:13,014 - CelsiusAI - INFO - Initializing web learning capabilities...
2025-10-27 14:25:13,014 - CelsiusAI - INFO - Starting Ultimate Server Hub...
2025-10-27 14:25:13,014 - CelsiusAI - INFO -     Ultimate Hub: STARTED (running in background)
2025-10-27 14:43:03,023 - CelsiusAI - INFO - Initializing core components...
2025-10-27 14:43:03,023 - CelsiusAI - INFO -   Loading authentication...
2025-10-27 14:43:03,023 - CelsiusAI - INFO -     Authentication system: READY
2025-10-27 14:43:03,023 - CelsiusAI - INFO -   Loading hardware controller...
2025-10-27 14:43:03,023 - CelsiusAI - ERROR -     Hardware controller: ERROR - no running event loop
Traceback (most recent call last):
  File "C:\Users\micro\Celsius AI\src\core\main.py", line 95, in initialize_core_components
    asyncio.create_task(self.hardware_controller.initialize())
  File "C:\Program Files\WindowsApps\PythonSoftwareFoundation.Python.3.11_3.11.2544.0_x64__qbz5n2kfra8p0\Lib\asyncio\tasks.py", line 381, in create_task
    loop = events.get_running_loop()
           ^^^^^^^^^^^^^^^^^^^^^^^^^
RuntimeError: no running event loop
2025-10-27 14:43:03,023 - CelsiusAI - INFO - Initializing web learning capabilities...
2025-10-27 14:43:03,023 - CelsiusAI - INFO - Starting Ultimate Server Hub...
2025-10-27 14:43:03,023 - CelsiusAI - INFO -     Ultimate Hub: STARTED (running in background)
2025-10-27 14:43:19,309 - CelsiusAI - INFO - Initializing core components...
2025-10-27 14:43:19,309 - CelsiusAI - INFO -   Loading authentication...
2025-10-27 14:43:19,309 - CelsiusAI - INFO -     Authentication system: READY
2025-10-27 14:43:19,309 - CelsiusAI - INFO -   Loading hardware controller...
2025-10-27 14:43:19,309 - CelsiusAI - ERROR -     Hardware controller: ERROR - no running event loop
Traceback (most recent call last):
  File "C:\Users\micro\Celsius AI\src\core\main.py", line 95, in initialize_core_components
    asyncio.create_task(self.hardware_controller.initialize())
  File "C:\Program Files\WindowsApps\PythonSoftwareFoundation.Python.3.11_3.11.2544.0_x64__qbz5n2kfra8p0\Lib\asyncio\tasks.py", line 381, in create_task
    loop = events.get_running_loop()
           ^^^^^^^^^^^^^^^^^^^^^^^^^
RuntimeError: no running event loop
2025-10-27 14:43:19,323 - CelsiusAI - INFO - Initializing web learning capabilities...
2025-10-27 14:43:19,323 - CelsiusAI - INFO - Starting Ultimate Server Hub...
2025-10-27 14:43:19,323 - CelsiusAI - INFO -     Ultimate Hub: STARTED (running in background)
2025-10-27 14:49:31,296 - CelsiusAI - INFO - Initializing core components...
2025-10-27 14:49:31,296 - CelsiusAI - INFO -   Loading authentication...
2025-10-27 14:49:31,296 - CelsiusAI - INFO -     Authentication system: READY
2025-10-27 14:49:31,296 - CelsiusAI - INFO -   Loading hardware controller...
2025-10-27 14:49:31,296 - CelsiusAI - ERROR -     Hardware controller: ERROR - no running event loop
Traceback (most recent call last):
  File "C:\Users\micro\Celsius AI\src\core\main.py", line 95, in initialize_core_components
    asyncio.create_task(self.hardware_controller.initialize())
  File "C:\Program Files\WindowsApps\PythonSoftwareFoundation.Python.3.11_3.11.2544.0_x64__qbz5n2kfra8p0\Lib\asyncio\tasks.py", line 381, in create_task
    loop = events.get_running_loop()
           ^^^^^^^^^^^^^^^^^^^^^^^^^
RuntimeError: no running event loop
2025-10-27 14:49:31,298 - CelsiusAI - INFO - Initializing web learning capabilities...
2025-10-27 14:49:31,300 - CelsiusAI - INFO - Starting Ultimate Server Hub...
2025-10-27 14:49:31,300 - CelsiusAI - INFO -     Ultimate Hub: STARTED (running in background)
2025-10-27 15:07:15,266 - CelsiusAI - INFO - Initializing core components...
2025-10-27 15:07:15,266 - CelsiusAI - INFO -   Loading authentication...
2025-10-27 15:07:15,266 - CelsiusAI - INFO -     Authentication system: READY
2025-10-27 15:07:15,266 - CelsiusAI - INFO -   Loading hardware controller...
2025-10-27 15:07:15,266 - CelsiusAI - ERROR -     Hardware controller: ERROR - no running event loop
Traceback (most recent call last):
  File "C:\Users\micro\Celsius AI\src\core\main.py", line 95, in initialize_core_components
    asyncio.create_task(self.hardware_controller.initialize())
  File "C:\Program Files\WindowsApps\PythonSoftwareFoundation.Python.3.11_3.11.2544.0_x64__qbz5n2kfra8p0\Lib\asyncio\tasks.py", line 381, in create_task
    loop = events.get_running_loop()
           ^^^^^^^^^^^^^^^^^^^^^^^^^
RuntimeError: no running event loop
2025-10-27 15:07:15,266 - CelsiusAI - INFO - Initializing web learning capabilities...
2025-10-27 15:07:15,266 - CelsiusAI - INFO - Starting Ultimate Server Hub...
2025-10-27 15:07:15,266 - CelsiusAI - INFO -     Ultimate Hub: STARTED (running in background)
2025-10-27 15:12:26,091 - CelsiusAI - INFO - Initializing core components...
2025-10-27 15:12:26,091 - CelsiusAI - INFO -   Loading authentication...
2025-10-27 15:12:26,091 - CelsiusAI - INFO -     Authentication system: READY
2025-10-27 15:12:26,091 - CelsiusAI - INFO -   Loading hardware controller...
2025-10-27 15:12:26,091 - CelsiusAI - ERROR -     Hardware controller: ERROR - no running event loop
Traceback (most recent call last):
  File "C:\Users\micro\Celsius AI\src\core\main.py", line 95, in initialize_core_components
    asyncio.create_task(self.hardware_controller.initialize())
  File "C:\Program Files\WindowsApps\PythonSoftwareFoundation.Python.3.11_3.11.2544.0_x64__qbz5n2kfra8p0\Lib\asyncio\tasks.py", line 381, in create_task
    loop = events.get_running_loop()
           ^^^^^^^^^^^^^^^^^^^^^^^^^
RuntimeError: no running event loop
2025-10-27 15:12:26,092 - CelsiusAI - INFO - Initializing web learning capabilities...
2025-10-27 15:12:26,095 - CelsiusAI - INFO - Starting Ultimate Server Hub...
2025-10-27 15:12:26,095 - CelsiusAI - INFO -     Ultimate Hub: STARTED (running in background)
2025-10-27 15:42:48,582 - CelsiusAI - INFO - Initializing core components...
2025-10-27 15:42:48,582 - CelsiusAI - INFO -   Loading authentication...
2025-10-27 15:42:48,582 - CelsiusAI - INFO -     Authentication system: READY
2025-10-27 15:42:48,582 - CelsiusAI - INFO -   Loading hardware controller...
2025-10-27 15:42:48,582 - CelsiusAI - ERROR -     Hardware controller: ERROR - no running event loop
Traceback (most recent call last):
  File "C:\Users\micro\Celsius AI\src\core\main.py", line 95, in initialize_core_components
    asyncio.create_task(self.hardware_controller.initialize())
  File "C:\Program Files\WindowsApps\PythonSoftwareFoundation.Python.3.11_3.11.2544.0_x64__qbz5n2kfra8p0\Lib\asyncio\tasks.py", line 381, in create_task
    loop = events.get_running_loop()
           ^^^^^^^^^^^^^^^^^^^^^^^^^
RuntimeError: no running event loop
2025-10-27 15:42:48,598 - CelsiusAI - INFO - Initializing web learning capabilities...
2025-10-27 15:42:48,598 - CelsiusAI - INFO - Starting Ultimate Server Hub...
2025-10-27 15:42:48,598 - CelsiusAI - INFO -     Ultimate Hub: STARTED (running in background)
2025-10-27 15:43:38,944 - CelsiusAI - INFO - Initializing core components...
2025-10-27 15:43:38,944 - CelsiusAI - INFO -   Loading authentication...
2025-10-27 15:43:38,944 - CelsiusAI - INFO -     Authentication system: READY
2025-10-27 15:43:38,944 - CelsiusAI - INFO -   Loading hardware controller...
2025-10-27 15:43:38,944 - CelsiusAI - ERROR -     Hardware controller: ERROR - no running event loop
Traceback (most recent call last):
  File "C:\Users\micro\Celsius AI\src\core\main.py", line 95, in initialize_core_components
    asyncio.create_task(self.hardware_controller.initialize())
  File "C:\Program Files\WindowsApps\PythonSoftwareFoundation.Python.3.11_3.11.2544.0_x64__qbz5n2kfra8p0\Lib\asyncio\tasks.py", line 381, in create_task
    loop = events.get_running_loop()
           ^^^^^^^^^^^^^^^^^^^^^^^^^
RuntimeError: no running event loop
2025-10-27 15:43:38,944 - CelsiusAI - INFO - Initializing web learning capabilities...
2025-10-27 15:43:38,953 - CelsiusAI - INFO - Starting Ultimate Server Hub...
2025-10-27 15:43:38,953 - CelsiusAI - INFO -     Ultimate Hub: STARTED (running in background)
2025-10-27 15:45:22,379 - CelsiusAI - INFO - Initializing core components...
2025-10-27 15:45:22,379 - CelsiusAI - INFO -   Loading authentication...
2025-10-27 15:45:22,379 - CelsiusAI - INFO -     Authentication system: READY
2025-10-27 15:45:22,379 - CelsiusAI - INFO -   Loading hardware controller...
2025-10-27 15:45:22,379 - CelsiusAI - INFO -     Hardware controller: READY
2025-10-27 15:45:22,379 - CelsiusAI - INFO - Initializing web learning capabilities...
2025-10-27 15:45:22,390 - CelsiusAI - INFO - Starting Ultimate Server Hub...
2025-10-27 15:45:22,390 - CelsiusAI - INFO -     Ultimate Hub: STARTED (running in background)
2025-10-27 15:53:22,265 - CelsiusAI - INFO - Initializing core components...
2025-10-27 15:53:22,265 - CelsiusAI - INFO -   Loading authentication...
2025-10-27 15:53:22,265 - CelsiusAI - INFO -     Authentication system: READY
2025-10-27 15:53:22,265 - CelsiusAI - INFO -   Loading hardware controller...
2025-10-27 15:53:22,266 - CelsiusAI - INFO -     Hardware controller: READY
2025-10-27 15:53:22,266 - CelsiusAI - INFO - Initializing web learning capabilities...
2025-10-27 15:53:22,269 - CelsiusAI - INFO - Starting Ultimate Server Hub...
2025-10-27 15:53:22,270 - CelsiusAI - INFO -     Ultimate Hub: STARTED (running in background)
2025-10-27 16:41:18,079 - CelsiusAI - INFO - Initializing core components...
2025-10-27 16:41:18,079 - CelsiusAI - INFO -   Loading authentication...
2025-10-27 16:41:18,079 - CelsiusAI - INFO -     Authentication system: READY
2025-10-27 16:41:18,079 - CelsiusAI - INFO -   Loading hardware controller...
2025-10-27 16:41:18,079 - CelsiusAI - INFO -     Hardware controller: READY
2025-10-27 16:41:18,079 - CelsiusAI - INFO - Initializing web learning capabilities...
2025-10-27 16:41:18,079 - CelsiusAI - INFO -     Web learning integration: READY
2025-10-27 16:41:18,079 - CelsiusAI - INFO -     Learning active: True
2025-10-27 16:41:18,079 - CelsiusAI - INFO -     Content learned: 0 articles
2025-10-27 16:41:18,079 - CelsiusAI - INFO -     Insights generated: 0 insights
2025-10-27 16:41:18,079 - CelsiusAI - INFO - Starting Ultimate Server Hub...
2025-10-27 16:41:18,079 - CelsiusAI - INFO -     Ultimate Hub: STARTED (running in background)
2025-10-27 16:46:47,513 - CelsiusAI - INFO - Initializing core components...
2025-10-27 16:46:47,513 - CelsiusAI - INFO -   Loading authentication...
2025-10-27 16:46:47,515 - CelsiusAI - INFO -     Authentication system: READY
2025-10-27 16:46:47,515 - CelsiusAI - INFO -   Loading hardware controller...
2025-10-27 16:46:47,515 - CelsiusAI - INFO -     Hardware controller: READY
2025-10-27 16:46:47,515 - CelsiusAI - INFO - Initializing web learning capabilities...
2025-10-27 16:46:47,515 - CelsiusAI - INFO -     Web learning integration: READY
2025-10-27 16:46:47,515 - CelsiusAI - INFO -     Learning active: True
2025-10-27 16:46:47,515 - CelsiusAI - INFO -     Content learned: 0 articles
2025-10-27 16:46:47,515 - CelsiusAI - INFO -     Insights generated: 0 insights
2025-10-27 16:46:47,515 - CelsiusAI - INFO - Starting Ultimate Server Hub...
2025-10-27 16:46:47,515 - CelsiusAI - INFO -     Ultimate Hub: STARTED (running in background)
2025-10-27 16:52:09,228 - CelsiusAI - INFO - Initializing core components...
2025-10-27 16:52:09,228 - CelsiusAI - INFO -   Loading authentication...
2025-10-27 16:52:09,228 - CelsiusAI - INFO -     Authentication system: READY
2025-10-27 16:52:09,228 - CelsiusAI - INFO -   Loading hardware controller...
2025-10-27 16:52:09,228 - CelsiusAI - INFO -     Hardware controller: READY
2025-10-27 16:52:09,228 - CelsiusAI - INFO - Initializing web learning capabilities...
2025-10-27 16:52:09,228 - CelsiusAI - INFO -     Web learning integration: READY
2025-10-27 16:52:09,228 - CelsiusAI - INFO -     Learning active: True
2025-10-27 16:52:09,228 - CelsiusAI - INFO -     Content learned: 0 articles
2025-10-27 16:52:09,228 - CelsiusAI - INFO -     Insights generated: 0 insights
2025-10-27 16:52:09,228 - CelsiusAI - INFO - Starting Ultimate Server Hub...
2025-10-27 16:52:09,244 - CelsiusAI - INFO -     Ultimate Hub: STARTED (running in background)
2025-10-27 18:01:14,019 - CelsiusAI - INFO - Initializing core components...
2025-10-27 18:01:14,019 - CelsiusAI - INFO -   Loading authentication...
2025-10-27 18:01:14,019 - CelsiusAI - INFO -     Authentication system: READY
2025-10-27 18:01:14,019 - CelsiusAI - INFO -   Loading hardware controller...
2025-10-27 18:01:14,019 - CelsiusAI - INFO -     Hardware controller: READY
2025-10-27 18:01:14,019 - CelsiusAI - INFO - Initializing web learning capabilities...
2025-10-27 18:01:14,025 - CelsiusAI - INFO - Starting Ultimate Server Hub...
2025-10-27 18:01:14,025 - CelsiusAI - INFO -     Ultimate Hub: STARTED (running in background)
2025-10-27 18:16:41,313 - CelsiusAI - INFO - Initializing core components...
2025-10-27 18:16:41,313 - CelsiusAI - INFO -   Loading authentication...
2025-10-27 18:16:41,313 - CelsiusAI - INFO -     Authentication system: READY
2025-10-27 18:16:41,313 - CelsiusAI - INFO -   Loading hardware controller...
2025-10-27 18:16:41,314 - CelsiusAI - INFO -     Hardware controller: READY
2025-10-27 18:16:41,314 - CelsiusAI - INFO - Initializing web learning capabilities...
2025-10-27 18:16:41,314 - CelsiusAI - INFO -     Web learning integration: READY
2025-10-27 18:16:41,316 - CelsiusAI - INFO -     Learning active: True
2025-10-27 18:16:41,316 - CelsiusAI - INFO -     Content learned: 8 articles
2025-10-27 18:16:41,316 - CelsiusAI - INFO -     Insights generated: 0 insights
2025-10-27 18:16:41,319 - CelsiusAI - INFO - Starting Ultimate Server Hub...
2025-10-27 18:16:41,320 - CelsiusAI - INFO -     Ultimate Hub: STARTED (running in background)
2025-10-27 22:05:41,065 - CelsiusAI - INFO - Initializing core components...
2025-10-27 22:05:41,065 - CelsiusAI - INFO -   Loading authentication...
2025-10-27 22:05:41,065 - CelsiusAI - INFO -     Authentication system: READY
2025-10-27 22:05:41,065 - CelsiusAI - INFO -   Loading hardware controller...
2025-10-27 22:05:41,065 - CelsiusAI - INFO -     Hardware controller: READY
2025-10-27 22:05:41,065 - CelsiusAI - INFO - Initializing web learning capabilities...
2025-10-27 22:05:41,066 - CelsiusAI - INFO -     Web learning integration: READY
2025-10-27 22:05:41,067 - CelsiusAI - INFO -     Learning active: True
2025-10-27 22:05:41,067 - CelsiusAI - INFO -     Content learned: 8 articles
2025-10-27 22:05:41,067 - CelsiusAI - INFO -     Insights generated: 0 insights
2025-10-27 22:05:41,067 - CelsiusAI - INFO - Starting Ultimate Server Hub...
2025-10-27 22:05:41,068 - CelsiusAI - INFO -     Ultimate Hub: STARTED (running in background)
2025-10-27 22:21:41,824 - CelsiusAI - INFO - Initializing core components...
2025-10-27 22:21:41,824 - CelsiusAI - INFO -   Loading authentication...
2025-10-27 22:21:41,824 - CelsiusAI - INFO -     Authentication system: READY
2025-10-27 22:21:41,824 - CelsiusAI - INFO -   Loading hardware controller...
2025-10-27 22:21:41,824 - CelsiusAI - INFO -     Hardware controller: READY
2025-10-27 22:21:41,824 - CelsiusAI - INFO - Initializing web learning capabilities...
2025-10-27 22:21:41,824 - CelsiusAI - INFO -     Web learning integration: READY
2025-10-27 22:21:41,824 - CelsiusAI - INFO -     Learning active: True
2025-10-27 22:21:41,824 - CelsiusAI - INFO -     Content learned: 8 articles
2025-10-27 22:21:41,824 - CelsiusAI - INFO -     Insights generated: 0 insights
2025-10-27 22:21:41,824 - CelsiusAI - INFO - Starting Ultimate Server Hub...
2025-10-27 22:21:41,833 - CelsiusAI - INFO -     Ultimate Hub: STARTED (running in background)
2025-10-28 04:12:32,592 - CelsiusAI - INFO - Initializing core components...
2025-10-28 04:12:32,592 - CelsiusAI - INFO -   Loading authentication...
2025-10-28 04:12:32,592 - CelsiusAI - INFO -     Authentication system: READY
2025-10-28 04:12:32,592 - CelsiusAI - INFO -   Loading hardware controller...
2025-10-28 04:12:32,592 - CelsiusAI - INFO -     Hardware controller: READY
2025-10-28 04:12:32,592 - CelsiusAI - INFO - Initializing web learning capabilities...
2025-10-28 04:12:32,592 - CelsiusAI - INFO -     Web learning integration: READY
2025-10-28 04:12:32,592 - CelsiusAI - INFO -     Learning active: True
2025-10-28 04:12:32,592 - CelsiusAI - INFO -     Content learned: 8 articles
2025-10-28 04:12:32,592 - CelsiusAI - INFO -     Insights generated: 0 insights
2025-10-28 04:12:32,592 - CelsiusAI - INFO - Starting Ultimate Server Hub...
2025-10-28 04:12:32,607 - CelsiusAI - INFO -     Ultimate Hub: STARTED (running in background)
2025-10-28 04:23:36,211 - CelsiusAI - INFO - Initializing core components...
2025-10-28 04:23:36,211 - CelsiusAI - INFO -   Loading authentication...
2025-10-28 04:23:36,211 - CelsiusAI - INFO -     Authentication system: READY
2025-10-28 04:23:36,211 - CelsiusAI - INFO -   Loading hardware controller...
2025-10-28 04:23:36,212 - CelsiusAI - INFO -     Hardware controller: READY
2025-10-28 04:23:36,212 - CelsiusAI - INFO - Initializing web learning capabilities...
2025-10-28 04:23:36,213 - CelsiusAI - INFO -     Web learning integration: READY
2025-10-28 04:23:36,214 - CelsiusAI - INFO -     Learning active: True
2025-10-28 04:23:36,214 - CelsiusAI - INFO -     Content learned: 8 articles
2025-10-28 04:23:36,214 - CelsiusAI - INFO -     Insights generated: 0 insights
2025-10-28 04:23:36,214 - CelsiusAI - INFO - Starting Ultimate Server Hub...
2025-10-28 04:23:36,218 - CelsiusAI - INFO -     Ultimate Hub: STARTED (running in background)
2025-10-28 19:42:50,618 - CelsiusAI - INFO - Initializing core components...
2025-10-28 19:42:50,618 - CelsiusAI - INFO -   Loading authentication...
2025-10-28 19:42:50,618 - CelsiusAI - INFO -     Authentication system: READY
2025-10-28 19:42:50,618 - CelsiusAI - INFO -   Loading hardware controller...
2025-10-28 19:42:50,618 - CelsiusAI - INFO -     Hardware controller: READY
2025-10-28 19:42:50,618 - CelsiusAI - INFO - Initializing web learning capabilities...
2025-10-28 19:42:50,618 - CelsiusAI - INFO -     Web learning integration: READY
2025-10-28 19:42:50,618 - CelsiusAI - INFO -     Learning active: True
2025-10-28 19:42:50,618 - CelsiusAI - INFO -     Content learned: 8 articles
2025-10-28 19:42:50,618 - CelsiusAI - INFO -     Insights generated: 0 insights
2025-10-28 19:42:50,618 - CelsiusAI - INFO - Starting Ultimate Server Hub...
2025-10-28 19:42:50,618 - CelsiusAI - INFO -     Ultimate Hub: STARTED (running in background)
2025-10-28 19:47:14,463 - CelsiusAI - INFO - Initializing core components...
2025-10-28 19:47:14,463 - CelsiusAI - INFO -   Loading authentication...
2025-10-28 19:47:14,463 - CelsiusAI - INFO -     Authentication system: READY
2025-10-28 19:47:14,463 - CelsiusAI - INFO -   Loading hardware controller...
2025-10-28 19:47:14,463 - CelsiusAI - INFO -     Hardware controller: READY
2025-10-28 19:47:14,463 - CelsiusAI - INFO - Initializing web learning capabilities...
2025-10-28 19:47:14,479 - CelsiusAI - INFO -     Web learning integration: READY
2025-10-28 19:47:14,479 - CelsiusAI - INFO -     Learning active: True
2025-10-28 19:47:14,479 - CelsiusAI - INFO -     Content learned: 8 articles
2025-10-28 19:47:14,479 - CelsiusAI - INFO -     Insights generated: 0 insights
2025-10-28 19:47:14,479 - CelsiusAI - INFO - Starting Ultimate Server Hub...
2025-10-28 19:47:14,479 - CelsiusAI - INFO -     Ultimate Hub: STARTED (running in background)
2025-10-28 19:51:12,527 - CelsiusAI - INFO - Initializing core components...
2025-10-28 19:51:12,527 - CelsiusAI - INFO -   Loading authentication...
2025-10-28 19:51:12,527 - CelsiusAI - INFO -     Authentication system: READY
2025-10-28 19:51:12,527 - CelsiusAI - INFO -   Loading hardware controller...
2025-10-28 19:51:12,527 - CelsiusAI - INFO -     Hardware controller: READY
2025-10-28 19:51:12,527 - CelsiusAI - INFO - Initializing web learning capabilities...
2025-10-28 19:51:12,527 - CelsiusAI - INFO -     Web learning integration: READY
2025-10-28 19:51:12,529 - CelsiusAI - INFO -     Learning active: True
2025-10-28 19:51:12,529 - CelsiusAI - INFO -     Content learned: 8 articles
2025-10-28 19:51:12,529 - CelsiusAI - INFO -     Insights generated: 0 insights
2025-10-28 19:51:12,529 - CelsiusAI - INFO - Starting Ultimate Server Hub...
2025-10-28 19:51:12,529 - CelsiusAI - INFO -     Ultimate Hub: STARTED (running in background)
2025-10-28 19:54:34,814 - CelsiusAI - INFO - Initializing core components...
2025-10-28 19:54:34,814 - CelsiusAI - INFO -   Loading authentication...
2025-10-28 19:54:34,814 - CelsiusAI - INFO -     Authentication system: READY
2025-10-28 19:54:34,814 - CelsiusAI - INFO -   Loading hardware controller...
2025-10-28 19:54:34,814 - CelsiusAI - INFO -     Hardware controller: READY
2025-10-28 19:54:34,814 - CelsiusAI - INFO - Initializing web learning capabilities...
2025-10-28 19:54:34,814 - CelsiusAI - INFO -     Web learning integration: READY
2025-10-28 19:54:34,814 - CelsiusAI - INFO -     Learning active: True
2025-10-28 19:54:34,814 - CelsiusAI - INFO -     Content learned: 8 articles
2025-10-28 19:54:34,814 - CelsiusAI - INFO -     Insights generated: 0 insights
2025-10-28 19:54:34,814 - CelsiusAI - INFO - Starting Ultimate Server Hub...
2025-10-28 19:54:34,814 - CelsiusAI - INFO -     Ultimate Hub: STARTED (running in background)
2025-10-28 20:02:12,193 - CelsiusAI - INFO - Initializing core components...
2025-10-28 20:02:12,193 - CelsiusAI - INFO -   Loading authentication...
2025-10-28 20:02:12,193 - CelsiusAI - INFO -     Authentication system: READY
2025-10-28 20:02:12,193 - CelsiusAI - INFO -   Loading hardware controller...
2025-10-28 20:02:12,193 - CelsiusAI - INFO -     Hardware controller: READY
2025-10-28 20:02:12,193 - CelsiusAI - INFO - Initializing web learning capabilities...
2025-10-28 20:02:12,193 - CelsiusAI - INFO -     Web learning integration: READY
2025-10-28 20:02:12,193 - CelsiusAI - INFO -     Learning active: True
2025-10-28 20:02:12,193 - CelsiusAI - INFO -     Content learned: 8 articles
2025-10-28 20:02:12,193 - CelsiusAI - INFO -     Insights generated: 0 insights
2025-10-28 20:02:12,193 - CelsiusAI - INFO - Starting Ultimate Server Hub...
2025-10-28 20:02:12,193 - CelsiusAI - INFO -     Ultimate Hub: STARTED (running in background)
2025-10-28 20:02:32,188 - CelsiusAI - INFO - Initializing core components...
2025-10-28 20:02:32,188 - CelsiusAI - INFO -   Loading authentication...
2025-10-28 20:02:32,188 - CelsiusAI - INFO -     Authentication system: READY
2025-10-28 20:02:32,188 - CelsiusAI - INFO -   Loading hardware controller...
2025-10-28 20:02:32,189 - CelsiusAI - INFO -     Hardware controller: READY
2025-10-28 20:02:32,189 - CelsiusAI - INFO - Initializing web learning capabilities...
2025-10-28 20:02:32,189 - CelsiusAI - INFO -     Web learning integration: READY
2025-10-28 20:02:32,190 - CelsiusAI - INFO -     Learning active: True
2025-10-28 20:02:32,190 - CelsiusAI - INFO -     Content learned: 8 articles
2025-10-28 20:02:32,191 - CelsiusAI - INFO -     Insights generated: 0 insights
2025-10-28 20:02:32,191 - CelsiusAI - INFO - Starting Ultimate Server Hub...
2025-10-28 20:02:32,191 - CelsiusAI - INFO -     Ultimate Hub: STARTED (running in background)
2025-10-28 20:13:17,235 - CelsiusAI - INFO - Initializing core components...
2025-10-28 20:13:17,235 - CelsiusAI - INFO -   Loading authentication...
2025-10-28 20:13:17,235 - CelsiusAI - INFO -     Authentication system: READY
2025-10-28 20:13:17,235 - CelsiusAI - INFO -   Loading hardware controller...
2025-10-28 20:13:17,235 - CelsiusAI - INFO -     Hardware controller: READY
2025-10-28 20:13:17,235 - CelsiusAI - INFO - Initializing web learning capabilities...
2025-10-28 20:13:17,235 - CelsiusAI - INFO -     Web learning integration: READY
2025-10-28 20:13:17,235 - CelsiusAI - INFO -     Learning active: True
2025-10-28 20:13:17,235 - CelsiusAI - INFO -     Content learned: 8 articles
2025-10-28 20:13:17,235 - CelsiusAI - INFO -     Insights generated: 0 insights
2025-10-28 20:13:17,235 - CelsiusAI - INFO - Starting Ultimate Server Hub...
2025-10-28 20:13:17,251 - CelsiusAI - INFO -     Ultimate Hub: STARTED (running in background)
2025-10-28 20:49:25,715 - CelsiusAI - INFO - Initializing core components...
2025-10-28 20:49:25,715 - CelsiusAI - INFO -   Loading authentication...
2025-10-28 20:49:25,715 - CelsiusAI - INFO -     Authentication system: READY
2025-10-28 20:49:25,715 - CelsiusAI - INFO -   Loading hardware controller...
2025-10-28 20:49:25,715 - CelsiusAI - INFO -     Hardware controller: READY
2025-10-28 20:49:25,715 - CelsiusAI - INFO - Initializing web learning capabilities...
2025-10-28 20:49:25,715 - CelsiusAI - INFO -     Web learning integration: READY
2025-10-28 20:49:25,715 - CelsiusAI - INFO -     Learning active: True
2025-10-28 20:49:25,715 - CelsiusAI - INFO -     Content learned: 8 articles
2025-10-28 20:49:25,715 - CelsiusAI - INFO -     Insights generated: 0 insights
2025-10-28 20:49:25,715 - CelsiusAI - INFO - Starting Ultimate Server Hub...
2025-10-28 20:49:25,715 - CelsiusAI - INFO -     Ultimate Hub: STARTED (running in background)
2025-10-28 20:54:52,144 - CelsiusAI - INFO - Initializing core components...
2025-10-28 20:54:52,144 - CelsiusAI - INFO -   Loading authentication...
2025-10-28 20:54:52,144 - CelsiusAI - INFO -     Authentication system: READY
2025-10-28 20:54:52,144 - CelsiusAI - INFO -   Loading hardware controller...
2025-10-28 20:54:52,144 - CelsiusAI - INFO -     Hardware controller: READY
2025-10-28 20:54:52,144 - CelsiusAI - INFO - Initializing web learning capabilities...
2025-10-28 20:54:52,144 - CelsiusAI - INFO -     Web learning integration: READY
2025-10-28 20:54:52,144 - CelsiusAI - INFO -     Learning active: True
2025-10-28 20:54:52,144 - CelsiusAI - INFO -     Content learned: 8 articles
2025-10-28 20:54:52,144 - CelsiusAI - INFO -     Insights generated: 0 insights
2025-10-28 20:54:52,144 - CelsiusAI - INFO - Starting Ultimate Server Hub...
2025-10-28 20:54:52,144 - CelsiusAI - INFO -     Ultimate Hub: STARTED (running in background)
2025-10-28 21:12:57,964 - CelsiusAI - INFO - Initializing core components...
2025-10-28 21:12:57,964 - CelsiusAI - INFO -   Loading authentication...
2025-10-28 21:12:57,964 - CelsiusAI - INFO -     Authentication system: READY
2025-10-28 21:12:57,964 - CelsiusAI - INFO -   Loading hardware controller...
2025-10-28 21:12:57,964 - CelsiusAI - INFO -     Hardware controller: READY
2025-10-28 21:12:57,964 - CelsiusAI - INFO - Initializing web learning capabilities...
2025-10-28 21:12:57,964 - CelsiusAI - INFO -     Web learning integration: READY
2025-10-28 21:12:57,967 - CelsiusAI - INFO -     Learning active: True
2025-10-28 21:12:57,967 - CelsiusAI - INFO -     Content learned: 8 articles
2025-10-28 21:12:57,967 - CelsiusAI - INFO -     Insights generated: 0 insights
2025-10-28 21:12:57,967 - CelsiusAI - INFO - Starting Ultimate Server Hub...
2025-10-28 21:12:57,967 - CelsiusAI - INFO -     Ultimate Hub: STARTED (running in background)
2025-10-28 21:19:07,637 - CelsiusAI - INFO - Initializing core components...
2025-10-28 21:19:07,637 - CelsiusAI - INFO -   Loading authentication...
2025-10-28 21:19:07,637 - CelsiusAI - INFO -     Authentication system: READY
2025-10-28 21:19:07,637 - CelsiusAI - INFO -   Loading hardware controller...
2025-10-28 21:19:07,637 - CelsiusAI - INFO -     Hardware controller: READY
2025-10-28 21:19:07,637 - CelsiusAI - INFO - Initializing web learning capabilities...
2025-10-28 21:19:07,637 - CelsiusAI - INFO -     Web learning integration: READY
2025-10-28 21:19:07,637 - CelsiusAI - INFO -     Learning active: True
2025-10-28 21:19:07,637 - CelsiusAI - INFO -     Content learned: 8 articles
2025-10-28 21:19:07,637 - CelsiusAI - INFO -     Insights generated: 0 insights
2025-10-28 21:19:07,637 - CelsiusAI - INFO - Starting Ultimate Server Hub...
2025-10-28 21:19:07,637 - CelsiusAI - INFO -     Ultimate Hub: STARTED (running in background)
2025-10-28 21:22:55,904 - CelsiusAI - INFO - Initializing core components...
2025-10-28 21:22:55,904 - CelsiusAI - INFO -   Loading authentication...
2025-10-28 21:22:55,904 - CelsiusAI - INFO -     Authentication system: READY
2025-10-28 21:22:55,904 - CelsiusAI - INFO -   Loading hardware controller...
2025-10-28 21:22:55,904 - CelsiusAI - INFO -     Hardware controller: READY
2025-10-28 21:22:55,904 - CelsiusAI - INFO - Initializing web learning capabilities...
2025-10-28 21:22:55,904 - CelsiusAI - INFO -     Web learning integration: READY
2025-10-28 21:22:55,904 - CelsiusAI - INFO -     Learning active: True
2025-10-28 21:22:55,904 - CelsiusAI - INFO -     Content learned: 8 articles
2025-10-28 21:22:55,904 - CelsiusAI - INFO -     Insights generated: 0 insights
2025-10-28 21:22:55,904 - CelsiusAI - INFO - Starting Ultimate Server Hub...
2025-10-28 21:22:55,904 - CelsiusAI - INFO -     Ultimate Hub: STARTED (running in background)
2025-10-28 21:27:59,737 - CelsiusAI - INFO - Initializing core components...
2025-10-28 21:27:59,737 - CelsiusAI - INFO -   Loading authentication...
2025-10-28 21:27:59,737 - CelsiusAI - INFO -     Authentication system: READY
2025-10-28 21:27:59,737 - CelsiusAI - INFO -   Loading hardware controller...
2025-10-28 21:27:59,737 - CelsiusAI - INFO -     Hardware controller: READY
2025-10-28 21:27:59,737 - CelsiusAI - INFO - Initializing web learning capabilities...
2025-10-28 21:27:59,737 - CelsiusAI - INFO -     Web learning integration: READY
2025-10-28 21:27:59,737 - CelsiusAI - INFO -     Learning active: True
2025-10-28 21:27:59,737 - CelsiusAI - INFO -     Content learned: 8 articles
2025-10-28 21:27:59,737 - CelsiusAI - INFO -     Insights generated: 0 insights
2025-10-28 21:27:59,737 - CelsiusAI - INFO - Starting Ultimate Server Hub...
2025-10-28 21:27:59,737 - CelsiusAI - INFO -     Ultimate Hub: STARTED (running in background)
2025-10-28 21:30:07,931 - CelsiusAI - INFO - Initializing core components...
2025-10-28 21:30:07,931 - CelsiusAI - INFO -   Loading authentication...
2025-10-28 21:30:07,931 - CelsiusAI - INFO -     Authentication system: READY
2025-10-28 21:30:07,931 - CelsiusAI - INFO -   Loading hardware controller...
2025-10-28 21:30:07,931 - CelsiusAI - INFO -     Hardware controller: READY
2025-10-28 21:30:07,931 - CelsiusAI - INFO - Initializing web learning capabilities...
2025-10-28 21:30:07,931 - CelsiusAI - INFO -     Web learning integration: READY
2025-10-28 21:30:07,931 - CelsiusAI - INFO -     Learning active: True
2025-10-28 21:30:07,931 - CelsiusAI - INFO -     Content learned: 8 articles
2025-10-28 21:30:07,931 - CelsiusAI - INFO -     Insights generated: 0 insights
2025-10-28 21:30:07,931 - CelsiusAI - INFO - Starting Ultimate Server Hub...
2025-10-28 21:30:07,931 - CelsiusAI - INFO -     Ultimate Hub: STARTED (running in background)
2025-10-28 23:41:47,357 - CelsiusAI - INFO - Initializing core components...
2025-10-28 23:41:47,357 - CelsiusAI - INFO -   Loading authentication...
2025-10-28 23:41:47,357 - CelsiusAI - INFO -     Authentication system: READY
2025-10-28 23:41:47,357 - CelsiusAI - INFO -   Loading hardware controller...
2025-10-28 23:41:47,357 - CelsiusAI - INFO -     Hardware controller: READY
2025-10-28 23:41:47,357 - CelsiusAI - INFO - Initializing web learning capabilities...
2025-10-28 23:41:47,357 - CelsiusAI - INFO -     Web learning integration: READY
2025-10-28 23:41:47,357 - CelsiusAI - INFO -     Learning active: True
2025-10-28 23:41:47,357 - CelsiusAI - INFO -     Content learned: 8 articles
2025-10-28 23:41:47,357 - CelsiusAI - INFO -     Insights generated: 0 insights
2025-10-28 23:41:47,357 - CelsiusAI - INFO - Starting Ultimate Server Hub...
2025-10-28 23:41:47,357 - CelsiusAI - INFO -     Ultimate Hub: STARTED (running in background)
