2025-10-23 12:32:50,861 - __main__ - INFO - Starting Celsius AI Assistant...
2025-10-23 12:32:50,861 - core.assistant - INFO - Initializing Celsius AI core...
2025-10-23 12:32:53,708 - huggingface_hub.file_download - WARNING - Xet Storage is enabled for this repo, but the 'hf_xet' package is not installed. Falling back to regular HTTP download. For better performance, install the package with: `pip install huggingface_hub[hf_xet]` or `pip install hf_xet`
2025-10-23 12:33:03,099 - src.security.analyzer - INFO - Initializing threat analyzer...
2025-10-23 12:33:03,099 - src.security.analyzer - WARNING - YARA rule compilation failed: 'NoneType' object has no attribute 'compile'
2025-10-23 12:33:03,099 - src.security.analyzer - INFO - Loaded 2 threat signatures
2025-10-23 12:33:03,099 - src.security.analyzer - INFO - Threat intelligence updated
2025-10-23 12:33:03,099 - src.security.analyzer - INFO - Threat analyzer initialized successfully
2025-10-23 12:33:03,099 - src.intelligence.processor - INFO - Initializing threat intelligence processor...
2025-10-23 12:33:03,099 - src.intelligence.processor - INFO - Created sample threat intelligence feed
2025-10-23 12:33:03,099 - src.intelligence.processor - INFO - Threat intelligence processor initialized
2025-10-23 12:33:03,099 - core.assistant - INFO - Celsius AI core initialized successfully
2025-10-23 12:33:03,099 - security.monitor - INFO - Starting real-time security monitoring...
2025-10-23 12:33:03,099 - security.monitor - INFO - Security monitoring started successfully
2025-10-23 12:33:03,099 - devices.manager - INFO - Starting device discovery...
2025-10-23 12:33:03,099 - __main__ - INFO - Celsius AI Assistant is now running...
2025-10-23 12:33:03,099 - __main__ - INFO - Type 'help' for available commands or 'quit' to exit.
2025-10-23 12:33:03,632 - huggingface_hub.file_download - WARNING - Xet Storage is enabled for this repo, but the 'hf_xet' package is not installed. Falling back to regular HTTP download. For better performance, install the package with: `pip install huggingface_hub[hf_xet]` or `pip install hf_xet`
2025-10-23 12:33:21,334 - __main__ - ERROR - Error processing input: 
2025-10-23 12:33:21,499 - core.assistant - INFO - Processing query: & "C:/Users/micro/Celsius AI/.venv/Scripts/python....
2025-10-23 12:33:40,269 - core.assistant - INFO - Processing query: Get-Process python | Stop-Process -Force...
2025-10-23 12:33:56,153 - core.assistant - INFO - Shutting down Celsius AI core...
2025-10-23 12:33:56,153 - src.security.analyzer - INFO - Shutting down threat analyzer...
2025-10-23 12:33:56,153 - src.security.analyzer - INFO - Threat analyzer shutdown complete
2025-10-23 12:33:56,153 - src.intelligence.processor - INFO - Shutting down intelligence processor...
2025-10-23 12:49:06,714 - __main__ - INFO - Starting Celsius AI Assistant...
2025-10-23 12:49:06,714 - core.assistant - INFO - Initializing Celsius AI core...
2025-10-23 12:49:06,730 - core.assistant - INFO - Skipping AI model loading for basic functionality
2025-10-23 12:49:06,730 - src.security.analyzer - INFO - Initializing threat analyzer...
2025-10-23 12:49:06,730 - src.security.analyzer - WARNING - psutil not available - process monitoring will be limited
2025-10-23 12:49:06,730 - src.security.analyzer - WARNING - YARA rule compilation failed: 'NoneType' object has no attribute 'compile'
2025-10-23 12:49:06,730 - src.security.analyzer - INFO - Loaded 2 threat signatures
2025-10-23 12:49:06,731 - src.security.analyzer - INFO - Threat intelligence updated
2025-10-23 12:49:06,731 - src.security.analyzer - INFO - Threat analyzer initialized successfully
2025-10-23 12:49:06,731 - src.intelligence.processor - INFO - Initializing threat intelligence processor...
2025-10-23 12:49:06,731 - src.intelligence.processor - INFO - Loaded 0 cached intelligence items
2025-10-23 12:49:06,731 - src.intelligence.processor - INFO - Threat intelligence processor initialized
2025-10-23 12:49:06,731 - src.whitehat.engine - INFO - Initializing White Hat Hacking Engine...
2025-10-23 12:49:06,731 - src.whitehat.engine - INFO - No active authorization found
2025-10-23 12:49:06,731 - src.whitehat.engine - INFO - White Hat Engine initialized successfully
2025-10-23 12:49:06,731 - core.assistant - INFO - Celsius AI core initialized successfully
2025-10-23 12:49:06,731 - security.monitor - INFO - Starting real-time security monitoring...
2025-10-23 12:49:06,731 - security.monitor - INFO - Security monitoring started successfully
2025-10-23 12:49:06,731 - devices.manager - INFO - Starting device discovery...
2025-10-23 12:49:06,731 - __main__ - INFO - Celsius AI Assistant is now running...
2025-10-23 12:49:06,731 - __main__ - INFO - Type 'help' for available commands or 'quit' to exit.
2025-10-23 12:49:28,437 - __main__ - ERROR - Error processing input: 
2025-10-23 12:49:28,587 - core.assistant - INFO - Processing query: echo "help" | python main.py...
2025-10-23 12:49:37,930 - core.assistant - INFO - Processing query: cd "c:\Users\micro\Celsius AI"; echo "request pent...
2025-10-23 12:49:37,930 - core.assistant - INFO - Processing query: import asyncio...
2025-10-23 12:49:37,946 - core.assistant - INFO - Processing query: import sys...
2025-10-23 12:49:37,946 - core.assistant - INFO - Processing query: sys.path.append('.')...
2025-10-23 12:49:37,963 - core.assistant - INFO - Processing query: from src.core.assistant import CelsiusAI...
2025-10-23 12:49:37,963 - core.assistant - INFO - Processing query: async def test():...
2025-10-23 12:49:37,974 - core.assistant - INFO - Processing query: ai = CelsiusAI()...
2025-10-23 12:49:37,975 - core.assistant - INFO - Processing query: await ai.initialize()...
2025-10-23 12:49:37,982 - core.assistant - INFO - Processing query: query = 'request pentest authorization'...
2025-10-23 12:49:37,997 - core.assistant - INFO - Processing query: result = await ai.process_query(query)...
2025-10-23 12:49:38,013 - core.assistant - INFO - Processing query: print('Response:', result)...
2025-10-23 12:49:38,013 - core.assistant - INFO - Processing query: asyncio.run(test())...
2025-10-23 12:49:38,014 - core.assistant - INFO - Processing query: "...
2025-10-23 12:50:28,498 - core.assistant - INFO - Processing query: cd "c:\Users\micro\Celsius AI"; python test_whiteh...
2025-10-23 12:50:37,807 - core.assistant - INFO - Processing query: cd "c:\Users\micro\Celsius AI"; timeout 30 python ...
2025-10-23 12:50:44,781 - core.assistant - INFO - Processing query: taskkill /F /IM python.exe...
2025-10-23 13:01:10,085 - core.assistant - INFO - Processing query: cd "c:\Users\micro\Celsius AI"; pip install fastap...
2025-10-23 13:01:20,479 - core.assistant - INFO - Processing query: taskkill /F /IM python.exe /T...
2025-10-23 13:01:29,822 - core.assistant - INFO - Processing query: cd "c:\Users\micro\Celsius AI"; pip install fastap...
2025-10-23 13:01:40,934 - core.assistant - INFO - Processing query: Stop-Process -Name "python" -Force -ErrorAction Si...
