2025-10-24 00:40:12,417 - CelsiusIntelligentGuardian - INFO - [INTELLIGENT-GUARDIAN] Celsius Intelligent Guardian initialized
2025-10-24 00:40:19,607 - CelsiusIntelligentGuardian - INFO - [INTELLIGENT-GUARDIAN] Added to Windows startup (User)
2025-10-24 00:40:19,607 - CelsiusIntelligentGuardian - INFO - [INTELLIGENT-GUARDIAN] Guardian persistence mechanisms established
2025-10-24 00:40:19,607 - CelsiusIntelligentGuardian - INFO - [INTELLIGENT-GUARDIAN] Starting Celsius Intelligent Guardian...
2025-10-24 00:40:19,613 - CelsiusIntelligentGuardian - ERROR - [INTELLIGENT-GUARDIAN] Another intelligent guardian is running (PID: 17868)
2025-10-24 00:40:19,613 - CelsiusIntelligentGuardian - INFO - [INTELLIGENT-GUARDIAN] Intelligent Guardian cleanup completed
2025-10-24 00:41:21,898 - CelsiusIntelligentGuardian - INFO - [INTELLIGENT-GUARDIAN] Celsius Intelligent Guardian initialized
2025-10-24 00:41:29,091 - CelsiusIntelligentGuardian - INFO - [INTELLIGENT-GUARDIAN] Added to Windows startup (User)
2025-10-24 00:41:29,091 - CelsiusIntelligentGuardian - INFO - [INTELLIGENT-GUARDIAN] Guardian persistence mechanisms established
2025-10-24 00:41:29,092 - CelsiusIntelligentGuardian - INFO - [INTELLIGENT-GUARDIAN] Starting Celsius Intelligent Guardian...
2025-10-24 00:41:29,097 - CelsiusIntelligentGuardian - ERROR - [INTELLIGENT-GUARDIAN] Another intelligent guardian is running (PID: 27800)
2025-10-24 00:41:29,097 - CelsiusIntelligentGuardian - INFO - [INTELLIGENT-GUARDIAN] Intelligent Guardian cleanup completed
2025-10-24 00:42:26,819 - CelsiusIntelligentGuardian - INFO - [INTELLIGENT-GUARDIAN] Celsius Intelligent Guardian initialized
2025-10-24 00:42:34,012 - CelsiusIntelligentGuardian - INFO - [INTELLIGENT-GUARDIAN] Added to Windows startup (User)
2025-10-24 00:42:34,012 - CelsiusIntelligentGuardian - INFO - [INTELLIGENT-GUARDIAN] Guardian persistence mechanisms established
2025-10-24 00:42:34,012 - CelsiusIntelligentGuardian - INFO - [INTELLIGENT-GUARDIAN] Starting Celsius Intelligent Guardian...
2025-10-24 00:42:34,012 - CelsiusIntelligentGuardian - ERROR - [INTELLIGENT-GUARDIAN] Another intelligent guardian is running (PID: 24196)
2025-10-24 00:42:34,012 - CelsiusIntelligentGuardian - INFO - [INTELLIGENT-GUARDIAN] Intelligent Guardian cleanup completed
2025-10-24 00:43:23,004 - CelsiusIntelligentGuardian - INFO - [INTELLIGENT-GUARDIAN] Celsius Intelligent Guardian initialized
2025-10-24 00:43:30,208 - CelsiusIntelligentGuardian - INFO - [INTELLIGENT-GUARDIAN] Added to Windows startup (User)
2025-10-24 00:43:30,208 - CelsiusIntelligentGuardian - INFO - [INTELLIGENT-GUARDIAN] Guardian persistence mechanisms established
2025-10-24 00:43:30,208 - CelsiusIntelligentGuardian - INFO - [INTELLIGENT-GUARDIAN] Starting Celsius Intelligent Guardian...
2025-10-24 00:43:30,208 - CelsiusIntelligentGuardian - ERROR - [INTELLIGENT-GUARDIAN] Another intelligent guardian is running (PID: 21268)
2025-10-24 00:43:30,208 - CelsiusIntelligentGuardian - INFO - [INTELLIGENT-GUARDIAN] Intelligent Guardian cleanup completed
2025-10-24 00:44:15,065 - CelsiusIntelligentGuardian - INFO - [INTELLIGENT-GUARDIAN] Celsius Intelligent Guardian initialized
2025-10-24 00:44:22,258 - CelsiusIntelligentGuardian - INFO - [INTELLIGENT-GUARDIAN] Added to Windows startup (User)
2025-10-24 00:44:22,258 - CelsiusIntelligentGuardian - INFO - [INTELLIGENT-GUARDIAN] Guardian persistence mechanisms established
2025-10-24 00:44:22,258 - CelsiusIntelligentGuardian - INFO - [INTELLIGENT-GUARDIAN] Starting Celsius Intelligent Guardian...
2025-10-24 00:44:22,258 - CelsiusIntelligentGuardian - INFO - [INTELLIGENT-GUARDIAN] Intelligent Guardian loop started - HARDCORE + AI MODE
2025-10-24 00:44:22,278 - CelsiusIntelligentGuardian - INFO - [INTELLIGENT-GUARDIAN] Started server_hub - PID: 27820
2025-10-24 00:44:24,263 - CelsiusIntelligentGuardian - INFO - [INTELLIGENT-GUARDIAN] Intelligent Guardian thread started successfully
2025-10-24 00:44:27,279 - CelsiusIntelligentGuardian - INFO - [INTELLIGENT-GUARDIAN] server_hub startup verified successfully
2025-10-24 00:44:27,291 - CelsiusIntelligentGuardian - INFO - [INTELLIGENT-GUARDIAN] Started mobile_server - PID: 22748
2025-10-24 00:44:35,293 - CelsiusIntelligentGuardian - INFO - [INTELLIGENT-GUARDIAN] mobile_server startup verified successfully
2025-10-24 00:44:35,305 - CelsiusIntelligentGuardian - INFO - [INTELLIGENT-GUARDIAN] Started celsius_core - PID: 22412
2025-10-24 00:44:40,307 - CelsiusIntelligentGuardian - INFO - [INTELLIGENT-GUARDIAN] celsius_core startup verified successfully
2025-10-24 00:44:40,307 - CelsiusIntelligentGuardian - INFO - [INTELLIGENT-GUARDIAN] Started hourly_logger - PID: 29324
2025-10-24 00:44:45,321 - CelsiusIntelligentGuardian - INFO - [INTELLIGENT-GUARDIAN] hourly_logger startup verified successfully
2025-10-24 00:44:45,321 - CelsiusIntelligentGuardian - INFO - [INTELLIGENT-GUARDIAN] Intelligent Guardian loop ended
2025-10-24 00:44:45,321 - CelsiusIntelligentGuardian - INFO - [INTELLIGENT-GUARDIAN] Intelligent Guardian cleanup completed
2025-10-24 02:38:04,311 - CelsiusIntelligentGuardian - INFO - [INTELLIGENT-GUARDIAN] Celsius Intelligent Guardian initialized
2025-10-24 02:38:12,527 - CelsiusIntelligentGuardian - INFO - [INTELLIGENT-GUARDIAN] Added to Windows startup (User)
2025-10-24 02:38:12,527 - CelsiusIntelligentGuardian - INFO - [INTELLIGENT-GUARDIAN] Guardian persistence mechanisms established
2025-10-24 02:38:12,527 - CelsiusIntelligentGuardian - INFO - [INTELLIGENT-GUARDIAN] Starting Celsius Intelligent Guardian...
2025-10-24 02:38:12,527 - CelsiusIntelligentGuardian - INFO - [INTELLIGENT-GUARDIAN] Intelligent Guardian loop started - HARDCORE + AI MODE
2025-10-24 02:38:12,534 - CelsiusIntelligentGuardian - INFO - [INTELLIGENT-GUARDIAN] Started server_hub - PID: 32120
2025-10-24 02:38:14,532 - CelsiusIntelligentGuardian - INFO - [INTELLIGENT-GUARDIAN] Intelligent Guardian thread started successfully
2025-10-24 02:38:17,549 - CelsiusIntelligentGuardian - INFO - [INTELLIGENT-GUARDIAN] server_hub startup verified successfully
2025-10-24 02:38:17,557 - CelsiusIntelligentGuardian - INFO - [INTELLIGENT-GUARDIAN] Started mobile_server - PID: 19888
2025-10-24 02:38:25,565 - CelsiusIntelligentGuardian - INFO - [INTELLIGENT-GUARDIAN] mobile_server startup verified successfully
2025-10-24 02:38:25,566 - CelsiusIntelligentGuardian - INFO - [INTELLIGENT-GUARDIAN] Started celsius_core - PID: 32692
2025-10-24 02:38:30,579 - CelsiusIntelligentGuardian - INFO - [INTELLIGENT-GUARDIAN] celsius_core startup verified successfully
2025-10-24 02:38:30,587 - CelsiusIntelligentGuardian - INFO - [INTELLIGENT-GUARDIAN] Started hourly_logger - PID: 32572
2025-10-24 02:38:34,728 - CelsiusIntelligentGuardian - INFO - [INTELLIGENT-GUARDIAN] Celsius Intelligent Guardian initialized
2025-10-24 02:38:35,593 - CelsiusIntelligentGuardian - INFO - [INTELLIGENT-GUARDIAN] hourly_logger startup verified successfully
2025-10-24 02:38:35,593 - CelsiusIntelligentGuardian - DEBUG - [INTELLIGENT-GUARDIAN] Performing intelligent health check...
2025-10-24 02:38:35,593 - CelsiusIntelligentGuardian - DEBUG - [INTELLIGENT-GUARDIAN] Service OK: server_hub
2025-10-24 02:38:35,593 - CelsiusIntelligentGuardian - DEBUG - [INTELLIGENT-GUARDIAN] Service OK: mobile_server
2025-10-24 02:38:35,593 - CelsiusIntelligentGuardian - DEBUG - [INTELLIGENT-GUARDIAN] Service OK: celsius_core
2025-10-24 02:38:35,593 - CelsiusIntelligentGuardian - DEBUG - [INTELLIGENT-GUARDIAN] Service OK: hourly_logger
2025-10-24 02:38:42,954 - CelsiusIntelligentGuardian - INFO - [INTELLIGENT-GUARDIAN] Added to Windows startup (User)
2025-10-24 02:38:42,954 - CelsiusIntelligentGuardian - INFO - [INTELLIGENT-GUARDIAN] Guardian persistence mechanisms established
2025-10-24 02:38:42,954 - CelsiusIntelligentGuardian - INFO - [INTELLIGENT-GUARDIAN] Starting Celsius Intelligent Guardian...
2025-10-24 02:38:42,960 - CelsiusIntelligentGuardian - INFO - [INTELLIGENT-GUARDIAN] Intelligent Guardian loop started - HARDCORE + AI MODE
2025-10-24 02:38:42,976 - CelsiusIntelligentGuardian - INFO - [INTELLIGENT-GUARDIAN] Started server_hub - PID: 30948
2025-10-24 02:38:44,961 - CelsiusIntelligentGuardian - INFO - [INTELLIGENT-GUARDIAN] Intelligent Guardian thread started successfully
2025-10-24 02:38:47,978 - CelsiusIntelligentGuardian - INFO - [INTELLIGENT-GUARDIAN] server_hub startup verified successfully
2025-10-24 02:38:47,991 - CelsiusIntelligentGuardian - INFO - [INTELLIGENT-GUARDIAN] Started mobile_server - PID: 20356
2025-10-24 02:38:55,994 - CelsiusIntelligentGuardian - INFO - [INTELLIGENT-GUARDIAN] mobile_server startup verified successfully
2025-10-24 02:38:55,994 - CelsiusIntelligentGuardian - INFO - [INTELLIGENT-GUARDIAN] Started celsius_core - PID: 29724
2025-10-24 02:39:01,008 - CelsiusIntelligentGuardian - INFO - [INTELLIGENT-GUARDIAN] celsius_core startup verified successfully
2025-10-24 02:39:01,020 - CelsiusIntelligentGuardian - INFO - [INTELLIGENT-GUARDIAN] Started hourly_logger - PID: 32516
2025-10-24 02:39:05,594 - CelsiusIntelligentGuardian - DEBUG - [INTELLIGENT-GUARDIAN] Performing intelligent health check...
2025-10-24 02:39:05,594 - CelsiusIntelligentGuardian - DEBUG - [INTELLIGENT-GUARDIAN] Service OK: server_hub
2025-10-24 02:39:06,022 - CelsiusIntelligentGuardian - INFO - [INTELLIGENT-GUARDIAN] hourly_logger startup verified successfully
2025-10-24 02:39:06,022 - CelsiusIntelligentGuardian - DEBUG - [INTELLIGENT-GUARDIAN] Performing intelligent health check...
2025-10-24 02:39:07,645 - CelsiusIntelligentGuardian - WARNING - [INTELLIGENT-GUARDIAN] Service DOWN: mobile_server
2025-10-24 02:39:07,645 - CelsiusIntelligentGuardian - WARNING - [INTELLIGENT-GUARDIAN] Intelligently restarting mobile_server (attempt #2)
2025-10-24 02:39:08,073 - CelsiusIntelligentGuardian - DEBUG - [INTELLIGENT-GUARDIAN] Service OK: server_hub
2025-10-24 02:39:10,127 - CelsiusIntelligentGuardian - DEBUG - [INTELLIGENT-GUARDIAN] Service OK: mobile_server
2025-10-24 02:39:10,127 - CelsiusIntelligentGuardian - DEBUG - [INTELLIGENT-GUARDIAN] Service OK: celsius_core
2025-10-24 02:39:10,127 - CelsiusIntelligentGuardian - DEBUG - [INTELLIGENT-GUARDIAN] Service OK: hourly_logger
2025-10-24 02:39:20,653 - CelsiusIntelligentGuardian - INFO - [INTELLIGENT-GUARDIAN] Started mobile_server - PID: 28744
2025-10-24 02:39:28,664 - CelsiusIntelligentGuardian - INFO - [INTELLIGENT-GUARDIAN] mobile_server startup verified successfully
2025-10-24 02:39:28,664 - CelsiusIntelligentGuardian - INFO - [INTELLIGENT-GUARDIAN] Successfully restarted mobile_server
2025-10-24 02:39:28,664 - CelsiusIntelligentGuardian - DEBUG - [INTELLIGENT-GUARDIAN] Service OK: celsius_core
2025-10-24 02:39:28,664 - CelsiusIntelligentGuardian - DEBUG - [INTELLIGENT-GUARDIAN] Service OK: hourly_logger
2025-10-24 02:39:40,130 - CelsiusIntelligentGuardian - DEBUG - [INTELLIGENT-GUARDIAN] Performing intelligent health check...
2025-10-24 02:39:40,130 - CelsiusIntelligentGuardian - DEBUG - [INTELLIGENT-GUARDIAN] Service OK: server_hub
2025-10-24 02:39:40,130 - CelsiusIntelligentGuardian - DEBUG - [INTELLIGENT-GUARDIAN] Service OK: mobile_server
2025-10-24 02:39:40,130 - CelsiusIntelligentGuardian - DEBUG - [INTELLIGENT-GUARDIAN] Service OK: celsius_core
2025-10-24 02:39:40,130 - CelsiusIntelligentGuardian - DEBUG - [INTELLIGENT-GUARDIAN] Service OK: hourly_logger
2025-10-24 02:39:58,665 - CelsiusIntelligentGuardian - DEBUG - [INTELLIGENT-GUARDIAN] Performing intelligent health check...
2025-10-24 02:39:58,665 - CelsiusIntelligentGuardian - DEBUG - [INTELLIGENT-GUARDIAN] Service OK: server_hub
2025-10-24 02:39:58,665 - CelsiusIntelligentGuardian - DEBUG - [INTELLIGENT-GUARDIAN] Service OK: mobile_server
2025-10-24 02:39:58,665 - CelsiusIntelligentGuardian - DEBUG - [INTELLIGENT-GUARDIAN] Service OK: celsius_core
2025-10-24 02:39:58,665 - CelsiusIntelligentGuardian - DEBUG - [INTELLIGENT-GUARDIAN] Service OK: hourly_logger
2025-10-24 02:40:10,131 - CelsiusIntelligentGuardian - DEBUG - [INTELLIGENT-GUARDIAN] Performing intelligent health check...
2025-10-24 02:40:10,131 - CelsiusIntelligentGuardian - DEBUG - [INTELLIGENT-GUARDIAN] Service OK: server_hub
2025-10-24 02:40:10,131 - CelsiusIntelligentGuardian - DEBUG - [INTELLIGENT-GUARDIAN] Service OK: mobile_server
2025-10-24 02:40:10,131 - CelsiusIntelligentGuardian - DEBUG - [INTELLIGENT-GUARDIAN] Service OK: celsius_core
2025-10-24 02:40:10,131 - CelsiusIntelligentGuardian - DEBUG - [INTELLIGENT-GUARDIAN] Service OK: hourly_logger
2025-10-24 02:40:28,666 - CelsiusIntelligentGuardian - DEBUG - [INTELLIGENT-GUARDIAN] Performing intelligent health check...
2025-10-24 02:40:28,666 - CelsiusIntelligentGuardian - DEBUG - [INTELLIGENT-GUARDIAN] Service OK: server_hub
2025-10-24 02:40:30,719 - CelsiusIntelligentGuardian - DEBUG - [INTELLIGENT-GUARDIAN] Service OK: mobile_server
2025-10-24 02:40:30,719 - CelsiusIntelligentGuardian - DEBUG - [INTELLIGENT-GUARDIAN] Service OK: celsius_core
2025-10-24 02:40:30,719 - CelsiusIntelligentGuardian - DEBUG - [INTELLIGENT-GUARDIAN] Service OK: hourly_logger
2025-10-24 02:40:40,132 - CelsiusIntelligentGuardian - DEBUG - [INTELLIGENT-GUARDIAN] Performing intelligent health check...
2025-10-24 02:40:40,132 - CelsiusIntelligentGuardian - DEBUG - [INTELLIGENT-GUARDIAN] Service OK: server_hub
2025-10-24 02:40:42,187 - CelsiusIntelligentGuardian - WARNING - [INTELLIGENT-GUARDIAN] Service DOWN: mobile_server
2025-10-24 02:40:42,188 - CelsiusIntelligentGuardian - WARNING - [INTELLIGENT-GUARDIAN] Intelligently restarting mobile_server (attempt #2)
2025-10-24 02:40:55,200 - CelsiusIntelligentGuardian - INFO - [INTELLIGENT-GUARDIAN] Started mobile_server - PID: 28600
2025-10-24 02:41:00,720 - CelsiusIntelligentGuardian - DEBUG - [INTELLIGENT-GUARDIAN] Performing intelligent health check...
2025-10-24 02:41:00,720 - CelsiusIntelligentGuardian - DEBUG - [INTELLIGENT-GUARDIAN] Service OK: server_hub
2025-10-24 02:41:02,779 - CelsiusIntelligentGuardian - DEBUG - [INTELLIGENT-GUARDIAN] Service OK: mobile_server
2025-10-24 02:41:02,779 - CelsiusIntelligentGuardian - DEBUG - [INTELLIGENT-GUARDIAN] Service OK: celsius_core
2025-10-24 02:41:02,779 - CelsiusIntelligentGuardian - DEBUG - [INTELLIGENT-GUARDIAN] Service OK: hourly_logger
2025-10-24 02:41:03,203 - CelsiusIntelligentGuardian - INFO - [INTELLIGENT-GUARDIAN] mobile_server startup verified successfully
2025-10-24 02:41:03,203 - CelsiusIntelligentGuardian - INFO - [INTELLIGENT-GUARDIAN] Successfully restarted mobile_server
2025-10-24 02:41:03,203 - CelsiusIntelligentGuardian - DEBUG - [INTELLIGENT-GUARDIAN] Service OK: celsius_core
2025-10-24 02:41:03,203 - CelsiusIntelligentGuardian - DEBUG - [INTELLIGENT-GUARDIAN] Service OK: hourly_logger
2025-10-24 02:41:16,471 - CelsiusIntelligentGuardian - INFO - [INTELLIGENT-GUARDIAN] Celsius Intelligent Guardian initialized
2025-10-24 02:41:24,691 - CelsiusIntelligentGuardian - INFO - [INTELLIGENT-GUARDIAN] Added to Windows startup (User)
2025-10-24 02:41:24,692 - CelsiusIntelligentGuardian - INFO - [INTELLIGENT-GUARDIAN] Guardian persistence mechanisms established
2025-10-24 02:41:32,910 - CelsiusIntelligentGuardian - INFO - [INTELLIGENT-GUARDIAN] Intelligent Guardian cleanup completed
