2025-10-23 20:10:52,908 - INFO - Starting Persistent Celsius AI Service
2025-10-23 20:10:52,908 - INFO - Starting Celsius AI Mobile Dashboard...
2025-10-23 20:10:55,924 - ERROR - Celsius AI failed to start
2025-10-23 20:10:55,924 - ERROR - Failed to start Celsius AI
2025-10-23 20:10:55,924 - INFO - Shutting down services...
2025-10-23 20:12:40,430 - INFO - Starting Persistent Celsius AI Service
2025-10-23 20:12:40,430 - INFO - Starting Celsius AI Mobile Dashboard...
2025-10-23 20:12:43,436 - ERROR - Celsius AI failed to start
2025-10-23 20:12:43,436 - ERROR - Failed to start Celsius AI
2025-10-23 20:12:43,436 - INFO - Shutting down services...
2025-10-23 20:33:30,265 - INFO - Starting Persistent Celsius AI Service
2025-10-23 20:33:30,265 - INFO - Starting Celsius AI Mobile Dashboard...
2025-10-23 20:33:33,272 - ERROR - Celsius AI failed to start
2025-10-23 20:33:33,272 - ERROR - Failed to start Celsius AI
2025-10-23 20:33:33,272 - INFO - Shutting down services...
2025-10-23 21:49:43,219 - INFO - Starting Persistent Celsius AI Service
2025-10-23 21:49:43,219 - INFO - Starting Celsius AI Mobile Dashboard...
2025-10-23 21:49:46,234 - ERROR - Celsius AI failed to start
2025-10-23 21:49:46,234 - ERROR - Failed to start Celsius AI
2025-10-23 21:49:46,234 - INFO - Shutting down services...
2025-10-23 21:51:28,830 - INFO - Starting Persistent Celsius AI Service
2025-10-23 21:51:28,830 - INFO - Starting Celsius AI Mobile Dashboard...
2025-10-23 21:51:31,840 - ERROR - Celsius AI failed to start
2025-10-23 21:51:31,840 - ERROR - Failed to start Celsius AI
2025-10-23 21:51:31,840 - INFO - Shutting down services...
2025-10-23 21:52:00,780 - INFO - Starting Persistent Celsius AI Service
2025-10-23 21:52:00,780 - INFO - Starting Celsius AI Mobile Dashboard...
2025-10-23 21:52:03,790 - ERROR - Celsius AI failed to start
2025-10-23 21:52:03,790 - ERROR - Failed to start Celsius AI
2025-10-23 21:52:03,790 - INFO - Shutting down services...
