2025-10-23 23:50:31,052 - INFO - [CelsiusDefense] - 🛡️ Celsius AI Defense System - Logging Initialized
2025-10-23 23:50:31,052 - INFO - [CelsiusDefense] - 🔒 Setting up persistence layers...
2025-10-23 23:50:31,052 - INFO - [CelsiusDefense] - ✅ Registry startup entry created
2025-10-23 23:50:31,052 - WARNING - [CelsiusDefense] - ⚠️ pywin32 not available for startup shortcut
2025-10-23 23:50:31,092 - INFO - [CelsiusDefense] - ✅ Scheduled task created
2025-10-23 23:50:31,092 - INFO - [CelsiusDefense] - ✅ Watchdog file created
2025-10-23 23:50:31,092 - INFO - [CelsiusDefense] - ✅ Persistence layers configured
2025-10-23 23:50:31,092 - INFO - [CelsiusDefense] - 🔥 CELSIUS AI DEFENSE SYSTEM ACTIVATED 🔥
2025-10-23 23:50:31,092 - INFO - [CelsiusDefense] - System Start Time: 2025-10-23 23:50:31.044157
2025-10-23 23:50:31,092 - INFO - [CelsiusDefense] - Persistence Enabled: True
2025-10-23 23:50:31,092 - INFO - [CelsiusDefense] - 🚀 Starting Celsius AI Defense System...
2025-10-23 23:50:31,092 - INFO - [CelsiusDefense] - 🚀 Starting Core Celsius AI Engine...
2025-10-23 23:50:31,112 - INFO - [CelsiusDefense] - ✅ Core Celsius AI Engine started (PID: 18728)
2025-10-23 23:50:33,113 - INFO - [CelsiusDefense] - 🚀 Starting Enhanced Mobile Dashboard Server...
2025-10-23 23:50:33,127 - INFO - [CelsiusDefense] - ✅ Enhanced Mobile Dashboard Server started (PID: 25256)
2025-10-23 23:50:35,128 - INFO - [CelsiusDefense] - 🚀 Starting Hourly Activity Logger...
2025-10-23 23:50:35,137 - INFO - [CelsiusDefense] - ✅ Hourly Activity Logger started (PID: 32572)
2025-10-23 23:50:37,140 - INFO - [CelsiusDefense] - 🚀 Starting Server Hub Interface...
2025-10-23 23:50:37,152 - INFO - [CelsiusDefense] - ✅ Server Hub Interface started (PID: 30816)
2025-10-23 23:50:39,153 - INFO - [CelsiusDefense] - ✅ All services started
2025-10-23 23:50:39,153 - INFO - [CelsiusDefense] - 🛡️ Entering defense monitoring loop...
2025-10-23 23:50:58,905 - INFO - [CelsiusDefense] - 🛡️ Celsius AI Defense System - Logging Initialized
2025-10-23 23:50:58,905 - INFO - [CelsiusDefense] - 🔒 Setting up persistence layers...
2025-10-23 23:50:58,905 - INFO - [CelsiusDefense] - ✅ Registry startup entry created
2025-10-23 23:50:58,905 - WARNING - [CelsiusDefense] - ⚠️ pywin32 not available for startup shortcut
2025-10-23 23:50:58,930 - INFO - [CelsiusDefense] - ✅ Scheduled task created
2025-10-23 23:50:58,934 - INFO - [CelsiusDefense] - ✅ Watchdog file created
2025-10-23 23:50:58,934 - INFO - [CelsiusDefense] - ✅ Persistence layers configured
2025-10-23 23:50:58,934 - INFO - [CelsiusDefense] - 🔥 CELSIUS AI DEFENSE SYSTEM ACTIVATED 🔥
2025-10-23 23:50:58,934 - INFO - [CelsiusDefense] - System Start Time: 2025-10-23 23:50:58.905567
2025-10-23 23:50:58,934 - INFO - [CelsiusDefense] - Persistence Enabled: True
2025-10-23 23:50:58,935 - INFO - [CelsiusDefense] - 🚀 Starting Celsius AI Defense System...
2025-10-23 23:50:58,935 - INFO - [CelsiusDefense] - 🚀 Starting Core Celsius AI Engine...
2025-10-23 23:50:58,948 - INFO - [CelsiusDefense] - ✅ Core Celsius AI Engine started (PID: 21512)
2025-10-23 23:51:00,949 - INFO - [CelsiusDefense] - 🚀 Starting Enhanced Mobile Dashboard Server...
2025-10-23 23:51:00,961 - INFO - [CelsiusDefense] - ✅ Enhanced Mobile Dashboard Server started (PID: 17048)
2025-10-23 23:51:02,962 - INFO - [CelsiusDefense] - 🚀 Starting Hourly Activity Logger...
2025-10-23 23:51:02,966 - INFO - [CelsiusDefense] - ✅ Hourly Activity Logger started (PID: 23372)
2025-10-23 23:51:04,973 - INFO - [CelsiusDefense] - 🚀 Starting Server Hub Interface...
2025-10-23 23:51:04,985 - INFO - [CelsiusDefense] - ✅ Server Hub Interface started (PID: 23284)
2025-10-23 23:51:06,986 - INFO - [CelsiusDefense] - ✅ All services started
2025-10-23 23:51:06,986 - INFO - [CelsiusDefense] - 🛡️ Entering defense monitoring loop...
2025-10-23 23:51:12,519 - INFO - [CelsiusDefense] - 🛑 Received signal 2
2025-10-23 23:52:06,988 - INFO - [CelsiusDefense] - 🛡️ Celsius AI Defense System shutdown complete
2025-10-23 23:52:06,988 - INFO - [CelsiusDefense] - 🧹 Cleaning up...
2025-10-23 23:52:06,988 - INFO - [CelsiusDefense] - 🛑 Stopping Core Celsius AI Engine...
2025-10-23 23:52:06,992 - INFO - [CelsiusDefense] - ✅ Core Celsius AI Engine stopped
2025-10-23 23:52:06,992 - INFO - [CelsiusDefense] - 🛑 Stopping Enhanced Mobile Dashboard Server...
2025-10-23 23:52:06,992 - INFO - [CelsiusDefense] - ✅ Enhanced Mobile Dashboard Server stopped
2025-10-23 23:52:06,992 - INFO - [CelsiusDefense] - 🛑 Stopping Hourly Activity Logger...
2025-10-23 23:52:07,000 - INFO - [CelsiusDefense] - ✅ Hourly Activity Logger stopped
2025-10-23 23:52:07,000 - INFO - [CelsiusDefense] - 🛑 Stopping Server Hub Interface...
2025-10-23 23:52:07,005 - INFO - [CelsiusDefense] - ✅ Server Hub Interface stopped
