{"timestamp": "2025-10-24T02:17:14.563695", "user": "cllusion001", "activity_type": "login", "details": "successful_login", "session_token": "o1Dmv4PCt8EdlD7IoXn7YmuyjNz03mxjAnrjIVUcY5w"}
{"timestamp": "2025-10-24T02:17:14.815915", "user": "cllusion001", "activity_type": "navigation", "details": "accessed_section: server_control", "session_token": "o1Dmv4PCt8EdlD7IoXn7YmuyjNz03mxjAnrjIVUcY5w"}
{"timestamp": "2025-10-24T02:22:42.352021", "event": "auto_logout", "reason": "idle_timeout_5_minutes", "services_maintained": true}
{"timestamp": "2025-10-24T02:23:20.393129", "event": "auto_logout", "reason": "idle_timeout_5_minutes", "services_maintained": true}
{"timestamp": "2025-10-24T02:23:58.450711", "event": "auto_logout", "reason": "idle_timeout_5_minutes", "services_maintained": true}
{"timestamp": "2025-10-24T02:24:36.514318", "event": "auto_logout", "reason": "idle_timeout_5_minutes", "services_maintained": true}
{"timestamp": "2025-10-24T02:25:14.559590", "event": "auto_logout", "reason": "idle_timeout_5_minutes", "services_maintained": true}
{"timestamp": "2025-10-24T02:25:52.609115", "event": "auto_logout", "reason": "idle_timeout_5_minutes", "services_maintained": true}
{"timestamp": "2025-10-24T02:26:30.652880", "event": "auto_logout", "reason": "idle_timeout_5_minutes", "services_maintained": true}
{"timestamp": "2025-10-24T02:27:08.675923", "event": "auto_logout", "reason": "idle_timeout_5_minutes", "services_maintained": true}
{"timestamp": "2025-10-24T02:27:46.730731", "event": "auto_logout", "reason": "idle_timeout_5_minutes", "services_maintained": true}
{"timestamp": "2025-10-24T02:35:50.473560", "user": "cllusion001", "activity_type": "login", "details": "successful_login", "session_token": "WrzPoqIFWpzgbJ187LvG3sgt5pi4LbxT0znbU-WxFwY"}
{"timestamp": "2025-10-24T02:35:50.710252", "user": "cllusion001", "activity_type": "navigation", "details": "accessed_section: server_control", "session_token": "WrzPoqIFWpzgbJ187LvG3sgt5pi4LbxT0znbU-WxFwY"}
{"timestamp": "2025-10-24T02:39:40.043258", "user": "cllusion001", "activity_type": "login", "details": "successful_login", "session_token": "W-jiB4w5r-3I4U-bnjw3xx9I2v390_NtCfeZzgnFCpw"}
{"timestamp": "2025-10-24T02:39:40.307240", "user": "cllusion001", "activity_type": "navigation", "details": "accessed_section: server_control", "session_token": "W-jiB4w5r-3I4U-bnjw3xx9I2v390_NtCfeZzgnFCpw"}
{"timestamp": "2025-10-24T03:13:06.856636", "user": "cllusion001", "activity_type": "login", "details": "successful_login", "session_token": "EfqmCPh89-gHxNK3g-Slegtg99ys-sLtjzp2dOoNEdE"}
{"timestamp": "2025-10-24T03:13:07.105032", "user": "cllusion001", "activity_type": "navigation", "details": "accessed_section: server_control", "session_token": "EfqmCPh89-gHxNK3g-Slegtg99ys-sLtjzp2dOoNEdE"}
{"timestamp": "2025-10-24T03:13:29.806680", "user": "cllusion001", "activity_type": "server_management", "details": "start_server_requested", "session_token": "EfqmCPh89-gHxNK3g-Slegtg99ys-sLtjzp2dOoNEdE"}
{"timestamp": "2025-10-24T03:13:55.480935", "user": "cllusion001", "activity_type": "navigation", "details": "accessed_section: web_learning", "session_token": "EfqmCPh89-gHxNK3g-Slegtg99ys-sLtjzp2dOoNEdE"}
{"timestamp": "2025-10-24T03:15:56.319745", "user": "cllusion001", "activity_type": "navigation", "details": "accessed_section: monitoring", "session_token": "EfqmCPh89-gHxNK3g-Slegtg99ys-sLtjzp2dOoNEdE"}
{"timestamp": "2025-10-24T03:16:22.467909", "user": "cllusion001", "activity_type": "navigation", "details": "accessed_section: hourly_reports", "session_token": "EfqmCPh89-gHxNK3g-Slegtg99ys-sLtjzp2dOoNEdE"}
{"timestamp": "2025-10-24T03:17:01.679346", "user": "cllusion001", "activity_type": "navigation", "details": "accessed_section: activity_logs", "session_token": "EfqmCPh89-gHxNK3g-Slegtg99ys-sLtjzp2dOoNEdE"}
{"timestamp": "2025-10-24T03:17:27.810511", "user": "cllusion001", "activity_type": "navigation", "details": "accessed_section: updates", "session_token": "EfqmCPh89-gHxNK3g-Slegtg99ys-sLtjzp2dOoNEdE"}
{"timestamp": "2025-10-24T03:17:52.681877", "user": "cllusion001", "activity_type": "navigation", "details": "accessed_section: server_control", "session_token": "EfqmCPh89-gHxNK3g-Slegtg99ys-sLtjzp2dOoNEdE"}
{"timestamp": "2025-10-24T03:23:01.789703", "user": "cllusion001", "activity_type": "auto_logout", "details": "reason: idle_timeout", "session_token": "EfqmCPh89-gHxNK3g-Slegtg99ys-sLtjzp2dOoNEdE"}
{"timestamp": "2025-10-24T03:27:37.552111", "user": "cllusion001", "activity_type": "login", "details": "successful_login", "session_token": "xs6CGOmFYTDq5AcM9rBtZjFIFhmSAt1EFlezJTaATb8"}
{"timestamp": "2025-10-24T03:27:37.816311", "user": "cllusion001", "activity_type": "navigation", "details": "accessed_section: server_control", "session_token": "xs6CGOmFYTDq5AcM9rBtZjFIFhmSAt1EFlezJTaATb8"}
{"timestamp": "2025-10-24T03:28:00.034881", "user": "cllusion001", "activity_type": "server_management", "details": "start_server_requested", "session_token": "xs6CGOmFYTDq5AcM9rBtZjFIFhmSAt1EFlezJTaATb8"}
{"timestamp": "2025-10-24T03:28:38.494124", "user": "cllusion001", "activity_type": "navigation", "details": "accessed_section: celsius_integration", "session_token": "xs6CGOmFYTDq5AcM9rBtZjFIFhmSAt1EFlezJTaATb8"}
{"timestamp": "2025-10-24T03:30:10.656306", "user": "cllusion001", "activity_type": "navigation", "details": "accessed_section: code_approval", "session_token": "xs6CGOmFYTDq5AcM9rBtZjFIFhmSAt1EFlezJTaATb8"}
{"timestamp": "2025-10-24T03:30:18.825863", "user": "cllusion001", "activity_type": "navigation", "details": "accessed_section: web_learning", "session_token": "xs6CGOmFYTDq5AcM9rBtZjFIFhmSAt1EFlezJTaATb8"}
{"timestamp": "2025-10-24T03:31:54.545012", "user": "cllusion001", "activity_type": "navigation", "details": "accessed_section: celsius_integration", "session_token": "xs6CGOmFYTDq5AcM9rBtZjFIFhmSAt1EFlezJTaATb8"}
{"timestamp": "2025-10-24T03:37:03.700450", "user": "cllusion001", "activity_type": "auto_logout", "details": "reason: idle_timeout", "session_token": "xs6CGOmFYTDq5AcM9rBtZjFIFhmSAt1EFlezJTaATb8"}
