2025-10-25 00:15:10,510 - CelsiusCodeApproval - INFO - Code approval database initialized
2025-10-25 00:15:10,671 - CelsiusWebLearner - INFO - Web learning database initialized
2025-10-25 00:15:10,672 - CelsiusWebLearner - INFO - Starting web learning for topic: cybersecurity
2025-10-25 00:15:11,127 - CelsiusWebLearner - INFO - Robots.txt disallows crawling: https://www.cisa.gov
2025-10-25 00:15:11,897 - CelsiusWebLearner - INFO - Stored learned content: Krebs on Security – In-depth security news and investigation (Quality: 0.60)
2025-10-25 00:15:13,898 - CelsiusWebLearner - INFO - Completed learning for cybersecurity: 1 pieces of content from 1 sources
2025-10-25 00:15:18,904 - CelsiusWebLearner - INFO - Starting web learning for topic: technology
2025-10-25 00:15:19,179 - CelsiusWebLearner - INFO - Robots.txt disallows crawling: https://techcrunch.com
2025-10-25 00:15:19,572 - CelsiusWebLearner - INFO - Robots.txt disallows crawling: https://arstechnica.com
2025-10-25 00:15:19,572 - CelsiusWebLearner - INFO - Completed learning for technology: 0 pieces of content from 0 sources
2025-10-25 00:15:24,584 - CelsiusWebLearner - INFO - Starting web learning for topic: system_optimization
2025-10-25 00:15:24,970 - CelsiusWebLearner - INFO - Robots.txt disallows crawling: https://www.tomshardware.com
2025-10-25 00:15:26,977 - CelsiusWebLearner - INFO - Stored learned content: AnandTech Forums: Technology, Hardware, Software, and Deals (Quality: 0.80)
2025-10-25 00:15:28,978 - CelsiusWebLearner - INFO - Completed learning for system_optimization: 1 pieces of content from 1 sources
2025-10-25 00:15:33,980 - CelsiusWebLearner - INFO - Starting web learning for topic: programming
2025-10-25 00:15:34,649 - CelsiusWebLearner - INFO - Robots.txt disallows crawling: https://realpython.com
2025-10-25 00:15:35,456 - CelsiusWebLearner - INFO - Stored learned content: Newest Questions - Stack Overflow (Quality: 0.80)
2025-10-25 00:15:37,458 - CelsiusWebLearner - INFO - Completed learning for programming: 1 pieces of content from 1 sources
2025-10-25 00:15:42,460 - CelsiusWebLearner - INFO - Starting web learning for topic: fitness_health
2025-10-25 00:15:43,114 - CelsiusWebLearner - INFO - Robots.txt disallows crawling: https://www.mayoclinic.org
2025-10-25 00:15:43,832 - CelsiusWebLearner - INFO - Stored learned content: WebMD - Better information. Better health. (Quality: 1.00)
2025-10-25 00:15:45,834 - CelsiusWebLearner - INFO - Completed learning for fitness_health: 1 pieces of content from 1 sources
2025-10-25 00:15:50,843 - CelsiusWebLearner - INFO - Stored learning report for period: daily
